../Core/Src/main.c:136:9:calcularCRC	24	static
../Core/Src/main.c:145:6:datos_enviar	64	static
../Core/Src/main.c:249:6:EnviarPaquete	24	static
../Core/Src/main.c:261:8:serializarPaquete	32	static
../Core/Src/main.c:279:6:CDC_ReceiveCallBack	16	static
../Core/Src/main.c:284:6:vel	24	static
../Core/Src/main.c:289:6:calculo_rpm	8	static
../Core/Src/main.c:310:6:conversor	16	static
../Core/Src/main.c:324:6:conversor_mm_s	16	static
../Core/Src/main.c:333:6:instruction	8	static
../Core/Src/main.c:380:9:aplicarFiltroFIR	32	static
../Core/Src/main.c:394:6:calibracion	16	static
../Core/Src/main.c:440:6:calculo_adc	16	static
../Core/Src/main.c:450:6:calculo_mm	8	static
../Core/Src/main.c:470:5:main	88	static
../Core/Src/main.c:557:6:SystemClock_Config	88	static
../Core/Src/main.c:603:13:MX_ADC1_Init	24	static
../Core/Src/main.c:691:13:MX_TIM2_Init	32	static
../Core/Src/main.c:736:13:MX_TIM3_Init	32	static
../Core/Src/main.c:781:13:MX_TIM4_Init	32	static
../Core/Src/main.c:826:13:MX_TIM5_Init	56	static
../Core/Src/main.c:875:13:MX_TIM9_Init	56	static
../Core/Src/main.c:929:13:MX_DMA_Init	16	static
../Core/Src/main.c:947:13:MX_GPIO_Init	40	static
../Core/Src/main.c:982:6:HAL_ADC_ConvCpltCallback	16	static
../Core/Src/main.c:992:6:Error_Handler	4	static,ignoring_inline_asm
