../Core/Src/main.c:159:9:calcularCRC	24	static
../Core/Src/main.c:168:6:datos_enviar	64	static
../Core/Src/main.c:272:6:EnviarPaquete	24	static
../Core/Src/main.c:284:8:serializarPaquete	32	static
../Core/Src/main.c:302:6:CDC_ReceiveCallBack	16	static
../Core/Src/main.c:307:6:vel	24	static
../Core/Src/main.c:312:6:calculo_rpm	8	static
../Core/Src/main.c:333:6:conversor	16	static
../Core/Src/main.c:347:6:conversor_mm_s	16	static
../Core/Src/main.c:356:6:instruction	8	static
../Core/Src/main.c:403:9:aplicarFiltroFIR	32	static
../Core/Src/main.c:415:6:promedio_adc	32	static
../Core/Src/main.c:439:6:calibracion	16	static
../Core/Src/main.c:486:7:interpolar_distancia	56	static
../Core/Src/main.c:510:6:calculo_mm	8	static
../Core/Src/main.c:524:5:main	80	static
../Core/Src/main.c:612:6:SystemClock_Config	88	static
../Core/Src/main.c:658:13:MX_ADC1_Init	24	static
../Core/Src/main.c:746:13:MX_TIM2_Init	32	static
../Core/Src/main.c:791:13:MX_TIM3_Init	32	static
../Core/Src/main.c:836:13:MX_TIM4_Init	32	static
../Core/Src/main.c:881:13:MX_TIM5_Init	56	static
../Core/Src/main.c:930:13:MX_TIM9_Init	56	static
../Core/Src/main.c:984:13:MX_DMA_Init	16	static
../Core/Src/main.c:1002:13:MX_GPIO_Init	40	static
../Core/Src/main.c:1037:6:HAL_ADC_ConvCpltCallback	16	static
../Core/Src/main.c:1048:6:Error_Handler	4	static,ignoring_inline_asm
