Archive member included to satisfy reference by file (symbol)

C:/ST/STM32CubeIDE_1.17.0/STM32CubeIDE/plugins/com.st.stm32cube.ide.mcu.externaltools.gnu-tools-for-stm32.12.3.rel1.win32_1.1.0.202410251130/tools/bin/../lib/gcc/arm-none-eabi/12.3.1/../../../../arm-none-eabi/lib/thumb/v7e-m+fp/hard\libc_nano.a(libc_a-exit.o)
                              C:/ST/STM32CubeIDE_1.17.0/STM32CubeIDE/plugins/com.st.stm32cube.ide.mcu.externaltools.gnu-tools-for-stm32.12.3.rel1.win32_1.1.0.202410251130/tools/bin/../lib/gcc/arm-none-eabi/12.3.1/../../../../arm-none-eabi/lib/thumb/v7e-m+fp/hard/crt0.o (exit)
C:/ST/STM32CubeIDE_1.17.0/STM32CubeIDE/plugins/com.st.stm32cube.ide.mcu.externaltools.gnu-tools-for-stm32.12.3.rel1.win32_1.1.0.202410251130/tools/bin/../lib/gcc/arm-none-eabi/12.3.1/../../../../arm-none-eabi/lib/thumb/v7e-m+fp/hard\libc_nano.a(libc_a-findfp.o)
                              C:/ST/STM32CubeIDE_1.17.0/STM32CubeIDE/plugins/com.st.stm32cube.ide.mcu.externaltools.gnu-tools-for-stm32.12.3.rel1.win32_1.1.0.202410251130/tools/bin/../lib/gcc/arm-none-eabi/12.3.1/../../../../arm-none-eabi/lib/thumb/v7e-m+fp/hard\libc_nano.a(libc_a-exit.o) (__stdio_exit_handler)
C:/ST/STM32CubeIDE_1.17.0/STM32CubeIDE/plugins/com.st.stm32cube.ide.mcu.externaltools.gnu-tools-for-stm32.12.3.rel1.win32_1.1.0.202410251130/tools/bin/../lib/gcc/arm-none-eabi/12.3.1/../../../../arm-none-eabi/lib/thumb/v7e-m+fp/hard\libc_nano.a(libc_a-fwalk.o)
                              C:/ST/STM32CubeIDE_1.17.0/STM32CubeIDE/plugins/com.st.stm32cube.ide.mcu.externaltools.gnu-tools-for-stm32.12.3.rel1.win32_1.1.0.202410251130/tools/bin/../lib/gcc/arm-none-eabi/12.3.1/../../../../arm-none-eabi/lib/thumb/v7e-m+fp/hard\libc_nano.a(libc_a-findfp.o) (_fwalk_sglue)
C:/ST/STM32CubeIDE_1.17.0/STM32CubeIDE/plugins/com.st.stm32cube.ide.mcu.externaltools.gnu-tools-for-stm32.12.3.rel1.win32_1.1.0.202410251130/tools/bin/../lib/gcc/arm-none-eabi/12.3.1/../../../../arm-none-eabi/lib/thumb/v7e-m+fp/hard\libc_nano.a(libc_a-stdio.o)
                              C:/ST/STM32CubeIDE_1.17.0/STM32CubeIDE/plugins/com.st.stm32cube.ide.mcu.externaltools.gnu-tools-for-stm32.12.3.rel1.win32_1.1.0.202410251130/tools/bin/../lib/gcc/arm-none-eabi/12.3.1/../../../../arm-none-eabi/lib/thumb/v7e-m+fp/hard\libc_nano.a(libc_a-findfp.o) (__sread)
C:/ST/STM32CubeIDE_1.17.0/STM32CubeIDE/plugins/com.st.stm32cube.ide.mcu.externaltools.gnu-tools-for-stm32.12.3.rel1.win32_1.1.0.202410251130/tools/bin/../lib/gcc/arm-none-eabi/12.3.1/../../../../arm-none-eabi/lib/thumb/v7e-m+fp/hard\libc_nano.a(libc_a-memset.o)
                              C:/ST/STM32CubeIDE_1.17.0/STM32CubeIDE/plugins/com.st.stm32cube.ide.mcu.externaltools.gnu-tools-for-stm32.12.3.rel1.win32_1.1.0.202410251130/tools/bin/../lib/gcc/arm-none-eabi/12.3.1/../../../../arm-none-eabi/lib/thumb/v7e-m+fp/hard/crt0.o (memset)
C:/ST/STM32CubeIDE_1.17.0/STM32CubeIDE/plugins/com.st.stm32cube.ide.mcu.externaltools.gnu-tools-for-stm32.12.3.rel1.win32_1.1.0.202410251130/tools/bin/../lib/gcc/arm-none-eabi/12.3.1/../../../../arm-none-eabi/lib/thumb/v7e-m+fp/hard\libc_nano.a(libc_a-closer.o)
                              C:/ST/STM32CubeIDE_1.17.0/STM32CubeIDE/plugins/com.st.stm32cube.ide.mcu.externaltools.gnu-tools-for-stm32.12.3.rel1.win32_1.1.0.202410251130/tools/bin/../lib/gcc/arm-none-eabi/12.3.1/../../../../arm-none-eabi/lib/thumb/v7e-m+fp/hard\libc_nano.a(libc_a-stdio.o) (_close_r)
C:/ST/STM32CubeIDE_1.17.0/STM32CubeIDE/plugins/com.st.stm32cube.ide.mcu.externaltools.gnu-tools-for-stm32.12.3.rel1.win32_1.1.0.202410251130/tools/bin/../lib/gcc/arm-none-eabi/12.3.1/../../../../arm-none-eabi/lib/thumb/v7e-m+fp/hard\libc_nano.a(libc_a-reent.o)
                              C:/ST/STM32CubeIDE_1.17.0/STM32CubeIDE/plugins/com.st.stm32cube.ide.mcu.externaltools.gnu-tools-for-stm32.12.3.rel1.win32_1.1.0.202410251130/tools/bin/../lib/gcc/arm-none-eabi/12.3.1/../../../../arm-none-eabi/lib/thumb/v7e-m+fp/hard\libc_nano.a(libc_a-closer.o) (errno)
C:/ST/STM32CubeIDE_1.17.0/STM32CubeIDE/plugins/com.st.stm32cube.ide.mcu.externaltools.gnu-tools-for-stm32.12.3.rel1.win32_1.1.0.202410251130/tools/bin/../lib/gcc/arm-none-eabi/12.3.1/../../../../arm-none-eabi/lib/thumb/v7e-m+fp/hard\libc_nano.a(libc_a-impure.o)
                              C:/ST/STM32CubeIDE_1.17.0/STM32CubeIDE/plugins/com.st.stm32cube.ide.mcu.externaltools.gnu-tools-for-stm32.12.3.rel1.win32_1.1.0.202410251130/tools/bin/../lib/gcc/arm-none-eabi/12.3.1/../../../../arm-none-eabi/lib/thumb/v7e-m+fp/hard\libc_nano.a(libc_a-reent.o) (_impure_ptr)
C:/ST/STM32CubeIDE_1.17.0/STM32CubeIDE/plugins/com.st.stm32cube.ide.mcu.externaltools.gnu-tools-for-stm32.12.3.rel1.win32_1.1.0.202410251130/tools/bin/../lib/gcc/arm-none-eabi/12.3.1/../../../../arm-none-eabi/lib/thumb/v7e-m+fp/hard\libc_nano.a(libc_a-lseekr.o)
[...]
Memory Configuration

Name             Origin             Length             Attributes
RAM              0x20000000         0x00020000         xrw
FLASH            0x08000000         0x00080000         xr
*default*        0x00000000         0xffffffff

Linker script and memory map

LOAD C:/ST/STM32CubeIDE_1.17.0/STM32CubeIDE/plugins/com.st.stm32cube.ide.mcu.externaltools.gnu-tools-for-stm32.12.3.rel1.win32_1.1.0.202410251130/tools/bin/../lib/gcc/arm-none-eabi/12.3.1/thumb/v7e-m+fp/hard/crti.o
LOAD C:/ST/STM32CubeIDE_1.17.0/STM32CubeIDE/plugins/com.st.stm32cube.ide.mcu.externaltools.gnu-tools-for-stm32.12.3.rel1.win32_1.1.0.202410251130/tools/bin/../lib/gcc/arm-none-eabi/12.3.1/thumb/v7e-m+fp/hard/crtbegin.o
LOAD C:/ST/STM32CubeIDE_1.17.0/STM32CubeIDE/plugins/com.st.stm32cube.ide.mcu.externaltools.gnu-tools-for-stm32.12.3.rel1.win32_1.1.0.202410251130/tools/bin/../lib/gcc/arm-none-eabi/12.3.1/../../../../arm-none-eabi/lib/thumb/v7e-m+fp/hard/crt0.o
LOAD ./Core/Src/main.o
LOAD ./Core/Src/motorDriver.o
LOAD ./Core/Src/stm32f4xx_hal_msp.o
LOAD ./Core/Src/stm32f4xx_it.o
LOAD ./Core/Src/syscalls.o
LOAD ./Core/Src/sysmem.o
LOAD ./Core/Src/system_stm32f4xx.o
LOAD ./Core/Startup/startup_stm32f411ceux.o
LOAD ./Drivers/STM32F4xx_HAL_Driver/Src/stm32f4xx_hal.o
LOAD ./Drivers/STM32F4xx_HAL_Driver/Src/stm32f4xx_hal_adc.o
LOAD ./Drivers/STM32F4xx_HAL_Driver/Src/stm32f4xx_hal_adc_ex.o
LOAD ./Drivers/STM32F4xx_HAL_Driver/Src/stm32f4xx_hal_cortex.o
LOAD ./Drivers/STM32F4xx_HAL_Driver/Src/stm32f4xx_hal_dma.o
LOAD ./Drivers/STM32F4xx_HAL_Driver/Src/stm32f4xx_hal_dma_ex.o
LOAD ./Drivers/STM32F4xx_HAL_Driver/Src/stm32f4xx_hal_exti.o
LOAD ./Drivers/STM32F4xx_HAL_Driver/Src/stm32f4xx_hal_flash.o
LOAD ./Drivers/STM32F4xx_HAL_Driver/Src/stm32f4xx_hal_flash_ex.o
LOAD ./Drivers/STM32F4xx_HAL_Driver/Src/stm32f4xx_hal_flash_ramfunc.o
LOAD ./Drivers/STM32F4xx_HAL_Driver/Src/stm32f4xx_hal_gpio.o
LOAD ./Drivers/STM32F4xx_HAL_Driver/Src/stm32f4xx_hal_pcd.o
LOAD ./Drivers/STM32F4xx_HAL_Driver/Src/stm32f4xx_hal_pcd_ex.o
LOAD ./Drivers/STM32F4xx_HAL_Driver/Src/stm32f4xx_hal_pwr.o
LOAD ./Drivers/STM32F4xx_HAL_Driver/Src/stm32f4xx_hal_pwr_ex.o
LOAD ./Drivers/STM32F4xx_HAL_Driver/Src/stm32f4xx_hal_rcc.o
LOAD ./Drivers/STM32F4xx_HAL_Driver/Src/stm32f4xx_hal_rcc_ex.o
LOAD ./Drivers/STM32F4xx_HAL_Driver/Src/stm32f4xx_hal_tim.o
LOAD ./Drivers/STM32F4xx_HAL_Driver/Src/stm32f4xx_hal_tim_ex.o
LOAD ./Drivers/STM32F4xx_HAL_Driver/Src/stm32f4xx_ll_adc.o
LOAD ./Drivers/STM32F4xx_HAL_Driver/Src/stm32f4xx_ll_usb.o
LOAD ./Middlewares/ST/STM32_USB_Device_Library/Class/CDC/Src/usbd_cdc.o
LOAD ./Middlewares/ST/STM32_USB_Device_Library/Core/Src/usbd_core.o
LOAD ./Middlewares/ST/STM32_USB_Device_Library/Core/Src/usbd_ctlreq.o
LOAD ./Middlewares/ST/STM32_USB_Device_Library/Core/Src/usbd_ioreq.o
LOAD ./USB_DEVICE/App/usb_device.o
LOAD ./USB_DEVICE/App/usbd_cdc_if.o
LOAD ./USB_DEVICE/App/usbd_desc.o
LOAD ./USB_DEVICE/Target/usbd_conf.o
START GROUP
LOAD C:/ST/STM32CubeIDE_1.17.0/STM32CubeIDE/plugins/com.st.stm32cube.ide.mcu.externaltools.gnu-tools-for-stm32.12.3.rel1.win32_1.1.0.202410251130/tools/bin/../lib/gcc/arm-none-eabi/12.3.1/../../../../arm-none-eabi/lib/thumb/v7e-m+fp/hard\libc_nano.a
LOAD C:/ST/STM32CubeIDE_1.17.0/STM32CubeIDE/plugins/com.st.stm32cube.ide.mcu.externaltools.gnu-tools-for-stm32.12.3.rel1.win32_1.1.0.202410251130/tools/bin/../lib/gcc/arm-none-eabi/12.3.1/../../../../arm-none-eabi/lib/thumb/v7e-m+fp/hard\libm.a
END GROUP
START GROUP
LOAD C:/ST/STM32CubeIDE_1.17.0/STM32CubeIDE/plugins/com.st.stm32cube.ide.mcu.externaltools.gnu-tools-for-stm32.12.3.rel1.win32_1.1.0.202410251130/tools/bin/../lib/gcc/arm-none-eabi/12.3.1/thumb/v7e-m+fp/hard\libgcc.a
LOAD C:/ST/STM32CubeIDE_1.17.0/STM32CubeIDE/plugins/com.st.stm32cube.ide.mcu.externaltools.gnu-tools-for-stm32.12.3.rel1.win32_1.1.0.202410251130/tools/bin/../lib/gcc/arm-none-eabi/12.3.1/../../../../arm-none-eabi/lib/thumb/v7e-m+fp/hard\libc_nano.a
END GROUP
START GROUP
LOAD C:/ST/STM32CubeIDE_1.17.0/STM32CubeIDE/plugins/com.st.stm32cube.ide.mcu.externaltools.gnu-tools-for-stm32.12.3.rel1.win32_1.1.0.202410251130/tools/bin/../lib/gcc/arm-none-eabi/12.3.1/thumb/v7e-m+fp/hard\libgcc.a
LOAD C:/ST/STM32CubeIDE_1.17.0/STM32CubeIDE/plugins/com.st.stm32cube.ide.mcu.externaltools.gnu-tools-for-stm32.12.3.rel1.win32_1.1.0.202410251130/tools/bin/../lib/gcc/arm-none-eabi/12.3.1/../../../../arm-none-eabi/lib/thumb/v7e-m+fp/hard\libc_nano.a
LOAD C:/ST/STM32CubeIDE_1.17.0/STM32CubeIDE/plugins/com.st.stm32cube.ide.mcu.externaltools.gnu-tools-for-stm32.12.3.rel1.win32_1.1.0.202410251130/tools/bin/../lib/gcc/arm-none-eabi/12.3.1/../../../../arm-none-eabi/lib/thumb/v7e-m+fp/hard\libnosys.a
END GROUP
START GROUP
LOAD C:/ST/STM32CubeIDE_1.17.0/STM32CubeIDE/plugins/com.st.stm32cube.ide.mcu.externaltools.gnu-tools-for-stm32.12.3.rel1.win32_1.1.0.202410251130/tools/bin/../lib/gcc/arm-none-eabi/12.3.1/thumb/v7e-m+fp/hard\libgcc.a
LOAD C:/ST/STM32CubeIDE_1.17.0/STM32CubeIDE/plugins/com.st.stm32cube.ide.mcu.externaltools.gnu-tools-for-stm32.12.3.rel1.win32_1.1.0.202410251130/tools/bin/../lib/gcc/arm-none-eabi/12.3.1/../../../../arm-none-eabi/lib/thumb/v7e-m+fp/hard\libc_nano.a
LOAD C:/ST/STM32CubeIDE_1.17.0/STM32CubeIDE/plugins/com.st.stm32cube.ide.mcu.externaltools.gnu-tools-for-stm32.12.3.rel1.win32_1.1.0.202410251130/tools/bin/../lib/gcc/arm-none-eabi/12.3.1/../../../../arm-none-eabi/lib/thumb/v7e-m+fp/hard\libnosys.a
END GROUP
LOAD C:/ST/STM32CubeIDE_1.17.0/STM32CubeIDE/plugins/com.st.stm32cube.ide.mcu.externaltools.gnu-tools-for-stm32.12.3.rel1.win32_1.1.0.202410251130/tools/bin/../lib/gcc/arm-none-eabi/12.3.1/thumb/v7e-m+fp/hard/crtend.o
LOAD C:/ST/STM32CubeIDE_1.17.0/STM32CubeIDE/plugins/com.st.stm32cube.ide.mcu.externaltools.gnu-tools-for-stm32.12.3.rel1.win32_1.1.0.202410251130/tools/bin/../lib/gcc/arm-none-eabi/12.3.1/thumb/v7e-m+fp/hard/crtn.o
                0x20020000                        _estack = (ORIGIN (RAM) + LENGTH (RAM))
                0x00000200                        _Min_Heap_Size = 0x200
                0x00000400                        _Min_Stack_Size = 0x400

.isr_vector     0x08000000      0x198
                0x08000000                        . = ALIGN (0x4)
 *(.isr_vector)
 .isr_vector    0x08000000      0x198 ./Core/Startup/startup_stm32f411ceux.o
                0x08000000                g_pfnVectors
                0x08000198                        . = ALIGN (0x4)

.text           0x08000198     0xab30
                0x08000198                        . = ALIGN (0x4)
 *(.text)
 .text          0x08000198       0x40 C:/ST/STM32CubeIDE_1.17.0/STM32CubeIDE/plugins/com.st.stm32cube.ide.mcu.externaltools.gnu-tools-for-stm32.12.3.rel1.win32_1.1.0.202410251130/tools/bin/../lib/gcc/arm-none-eabi/12.3.1/thumb/v7e-m+fp/hard/crtbegin.o
 .text          0x080001d8      0x378 C:/ST/STM32CubeIDE_1.17.0/STM32CubeIDE/plugins/com.st.stm32cube.ide.mcu.externaltools.gnu-tools-for-stm32.12.3.rel1.win32_1.1.0.202410251130/tools/bin/../lib/gcc/arm-none-eabi/12.3.1/thumb/v7e-m+fp/hard\libgcc.a(_arm_addsubdf3.o)
                0x080001d8                __aeabi_drsub
                0x080001e0                __aeabi_dsub
                0x080001e0                __subdf3
                0x080001e4                __aeabi_dadd
                0x080001e4                __adddf3
                0x0800045c                __floatunsidf
                0x0800045c                __aeabi_ui2d
                0x0800047c                __floatsidf
                0x0800047c                __aeabi_i2d
                0x080004a0                __aeabi_f2d
                0x080004a0                __extendsfdf2
                0x080004e4                __floatundidf
                0x080004e4                __aeabi_ul2d
                0x080004f4                __floatdidf
                0x080004f4                __aeabi_l2d
 .text          0x08000550      0x424 C:/ST/STM32CubeIDE_1.17.0/STM32CubeIDE/plugins/com.st.stm32cube.ide.mcu.externaltools.gnu-tools-for-stm32.12.3.rel1.win32_1.1.0.202410251130/tools/bin/../lib/gcc/arm-none-eabi/12.3.1/thumb/v7e-m+fp/hard\libgcc.a(_arm_muldivdf3.o)
                0x08000550                __aeabi_dmul
                0x08000550                __muldf3
                0x080007a4                __divdf3
                0x080007a4                __aeabi_ddiv
 .text          0x08000974       0x50 C:/ST/STM32CubeIDE_1.17.0/STM32CubeIDE/plugins/com.st.stm32cube.ide.mcu.externaltools.gnu-tools-for-stm32.12.3.rel1.win32_1.1.0.202410251130/tools/bin/../lib/gcc/arm-none-eabi/12.3.1/thumb/v7e-m+fp/hard\libgcc.a(_arm_fixdfsi.o)
                0x08000974                __aeabi_d2iz
                0x08000974                __fixdfsi
 .text          0x080009c4       0xa0 C:/ST/STM32CubeIDE_1.17.0/STM32CubeIDE/plugins/com.st.stm32cube.ide.mcu.externaltools.gnu-tools-for-stm32.12.3.rel1.win32_1.1.0.202410251130/tools/bin/../lib/gcc/arm-none-eabi/12.3.1/thumb/v7e-m+fp/hard\libgcc.a(_arm_truncdfsf2.o)
                0x080009c4                __truncdfsf2
                0x080009c4                __aeabi_d2f
 .text          0x08000a64       0x30 C:/ST/STM32CubeIDE_1.17.0/STM32CubeIDE/plugins/com.st.stm32cube.ide.mcu.externaltools.gnu-tools-for-stm32.12.3.rel1.win32_1.1.0.202410251130/tools/bin/../lib/gcc/arm-none-eabi/12.3.1/thumb/v7e-m+fp/hard\libgcc.a(_aeabi_uldivmod.o)
                0x08000a64                __aeabi_uldivmod
 .text          0x08000a94      0x2bc C:/ST/STM32CubeIDE_1.17.0/STM32CubeIDE/plugins/com.st.stm32cube.ide.mcu.externaltools.gnu-tools-for-stm32.12.3.rel1.win32_1.1.0.202410251130/tools/bin/../lib/gcc/arm-none-eabi/12.3.1/thumb/v7e-m+fp/hard\libgcc.a(_udivmoddi4.o)
                0x08000a94                __udivmoddi4
 .text          0x08000d50        0x4 C:/ST/STM32CubeIDE_1.17.0/STM32CubeIDE/plugins/com.st.stm32cube.ide.mcu.externaltools.gnu-tools-for-stm32.12.3.rel1.win32_1.1.0.202410251130/tools/bin/../lib/gcc/arm-none-eabi/12.3.1/thumb/v7e-m+fp/hard\libgcc.a(_dvmd_tls.o)
                0x08000d50                __aeabi_idiv0
                0x08000d50                __aeabi_ldiv0
 *(.text*)
 .text.calcularCRC
                0x08000d54       0x40 ./Core/Src/main.o
                0x08000d54                calcularCRC
 .text.datos_enviar
                0x08000d94      0x40c ./Core/Src/main.o
                0x08000d94                datos_enviar
 .text.EnviarPaquete
                0x080011a0       0x58 ./Core/Src/main.o
                0x080011a0                EnviarPaquete
 .text.serializarPaquete
                0x080011f8       0xb4 ./Core/Src/main.o
                0x080011f8                serializarPaquete
 .text.CDC_ReceiveCallBack
                0x080012ac       0x2c ./Core/Src/main.o
                0x080012ac                CDC_ReceiveCallBack
 .text.vel      0x080012d8       0xc8 ./Core/Src/main.o
                0x080012d8                vel
 .text.calculo_rpm
                0x080013a0      0x108 ./Core/Src/main.o
                0x080013a0                calculo_rpm
 .text.conversor
                0x080014a8       0x80 ./Core/Src/main.o
                0x080014a8                conversor
 .text.conversor_mm_s
                0x08001528       0x44 ./Core/Src/main.o
                0x08001528                conversor_mm_s
 .text.instruction
                0x0800156c      0x18c ./Core/Src/main.o
                0x0800156c                instruction
 .text.aplicarFiltroFIR
                0x080016f8       0xd4 ./Core/Src/main.o
                0x080016f8                aplicarFiltroFIR
 *fill*         0x080017cc        0x4 
 .text.promedio_adc
                0x080017d0      0x140 ./Core/Src/main.o
                0x080017d0                promedio_adc
 .text.calibracion
                0x08001910      0x118 ./Core/Src/main.o
                0x08001910                calibracion
 .text.interpolar_distancia
                0x08001a28      0x140 ./Core/Src/main.o
                0x08001a28                interpolar_distancia
 .text.calculo_mm
                0x08001b68       0xe0 ./Core/Src/main.o
                0x08001b68                calculo_mm
 .text.main     0x08001c48      0x164 ./Core/Src/main.o
                0x08001c48                main
 .text.SystemClock_Config
                0x08001dac       0xd0 ./Core/Src/main.o
                0x08001dac                SystemClock_Config
 .text.MX_ADC1_Init
                0x08001e7c      0x114 ./Core/Src/main.o
 .text.MX_TIM2_Init
                0x08001f90       0x9c ./Core/Src/main.o
 .text.MX_TIM3_Init
                0x0800202c       0x9c ./Core/Src/main.o
 .text.MX_TIM4_Init
                0x080020c8       0x9c ./Core/Src/main.o
 .text.MX_TIM5_Init
                0x08002164       0xa8 ./Core/Src/main.o
 .text.MX_TIM9_Init
                0x0800220c       0xd8 ./Core/Src/main.o
 .text.MX_DMA_Init
                0x080022e4       0x40 ./Core/Src/main.o
 .text.MX_GPIO_Init
                0x08002324       0xbc ./Core/Src/main.o
 .text.HAL_ADC_ConvCpltCallback
                0x080023e0       0x24 ./Core/Src/main.o
                0x080023e0                HAL_ADC_ConvCpltCallback
 .text.Error_Handler
                0x08002404        0xc ./Core/Src/main.o
                0x08002404                Error_Handler
 .text.motoresInit
                0x08002410       0x78 ./Core/Src/motorDriver.o
                0x08002410                motoresInit
 .text.motores  0x08002488      0x144 ./Core/Src/motorDriver.o
                0x08002488                motores
 .text.HAL_MspInit
                0x080025cc       0x50 ./Core/Src/stm32f4xx_hal_msp.o
                0x080025cc                HAL_MspInit
 .text.HAL_ADC_MspInit
                0x0800261c      0x128 ./Core/Src/stm32f4xx_hal_msp.o
                0x0800261c                HAL_ADC_MspInit
 .text.HAL_TIM_Base_MspInit
                0x08002744       0xc4 ./Core/Src/stm32f4xx_hal_msp.o
                0x08002744                HAL_TIM_Base_MspInit
 .text.HAL_TIM_Encoder_MspInit
                0x08002808       0x90 ./Core/Src/stm32f4xx_hal_msp.o
                0x08002808                HAL_TIM_Encoder_MspInit
 .text.HAL_TIM_MspPostInit
                0x08002898       0x74 ./Core/Src/stm32f4xx_hal_msp.o
                0x08002898                HAL_TIM_MspPostInit
 .text.NMI_Handler
                0x0800290c        0x8 ./Core/Src/stm32f4xx_it.o
                0x0800290c                NMI_Handler
 .text.HardFault_Handler
                0x08002914        0x8 ./Core/Src/stm32f4xx_it.o
                0x08002914                HardFault_Handler
 .text.MemManage_Handler
                0x0800291c        0x8 ./Core/Src/stm32f4xx_it.o
                0x0800291c                MemManage_Handler
 .text.BusFault_Handler
                0x08002924        0x8 ./Core/Src/stm32f4xx_it.o
                0x08002924                BusFault_Handler
 .text.UsageFault_Handler
                0x0800292c        0x8 ./Core/Src/stm32f4xx_it.o
                0x0800292c                UsageFault_Handler
 .text.SVC_Handler
                0x08002934        0xe ./Core/Src/stm32f4xx_it.o
                0x08002934                SVC_Handler
 .text.DebugMon_Handler
                0x08002942        0xe ./Core/Src/stm32f4xx_it.o
                0x08002942                DebugMon_Handler
 .text.PendSV_Handler
                0x08002950        0xe ./Core/Src/stm32f4xx_it.o
                0x08002950                PendSV_Handler
 .text.SysTick_Handler
                0x0800295e        0xc ./Core/Src/stm32f4xx_it.o
                0x0800295e                SysTick_Handler
 *fill*         0x0800296a        0x2 
 .text.DMA2_Stream0_IRQHandler
                0x0800296c       0x14 ./Core/Src/stm32f4xx_it.o
                0x0800296c                DMA2_Stream0_IRQHandler
 .text.OTG_FS_IRQHandler
                0x08002980       0x14 ./Core/Src/stm32f4xx_it.o
                0x08002980                OTG_FS_IRQHandler
 .text.SystemInit
                0x08002994       0x24 ./Core/Src/system_stm32f4xx.o
                0x08002994                SystemInit
 .text.Reset_Handler
                0x080029b8       0x50 ./Core/Startup/startup_stm32f411ceux.o
                0x080029b8                Reset_Handler
 .text.Default_Handler
                0x08002a08        0x2 ./Core/Startup/startup_stm32f411ceux.o
                0x08002a08                RTC_Alarm_IRQHandler
                0x08002a08                EXTI2_IRQHandler
                0x08002a08                SPI4_IRQHandler
                0x08002a08                TIM1_CC_IRQHandler
                0x08002a08                DMA2_Stream5_IRQHandler
                0x08002a08                DMA1_Stream5_IRQHandler
                0x08002a08                PVD_IRQHandler
                0x08002a08                SDIO_IRQHandler
                0x08002a08                TAMP_STAMP_IRQHandler
                0x08002a08                EXTI3_IRQHandler
                0x08002a08                TIM1_UP_TIM10_IRQHandler
                0x08002a08                I2C3_ER_IRQHandler
                0x08002a08                EXTI0_IRQHandler
                0x08002a08                I2C2_EV_IRQHandler
                0x08002a08                DMA1_Stream2_IRQHandler
                0x08002a08                FPU_IRQHandler
                0x08002a08                DMA2_Stream2_IRQHandler
                0x08002a08                SPI1_IRQHandler
                0x08002a08                TIM1_BRK_TIM9_IRQHandler
                0x08002a08                DMA2_Stream3_IRQHandler
                0x08002a08                USART6_IRQHandler
                0x08002a08                TIM4_IRQHandler
                0x08002a08                I2C1_EV_IRQHandler
                0x08002a08                DMA1_Stream6_IRQHandler
                0x08002a08                DMA1_Stream1_IRQHandler
                0x08002a08                TIM3_IRQHandler
                0x08002a08                RCC_IRQHandler
                0x08002a08                Default_Handler
                0x08002a08                EXTI15_10_IRQHandler
                0x08002a08                ADC_IRQHandler
                0x08002a08                DMA1_Stream7_IRQHandler
                0x08002a08                SPI5_IRQHandler
                0x08002a08                TIM5_IRQHandler
                0x08002a08                DMA2_Stream7_IRQHandler
                0x08002a08                I2C3_EV_IRQHandler
                0x08002a08                EXTI9_5_IRQHandler
                0x08002a08                RTC_WKUP_IRQHandler
                0x08002a08                SPI2_IRQHandler
                0x08002a08                DMA1_Stream0_IRQHandler
                0x08002a08                EXTI4_IRQHandler
                0x08002a08                WWDG_IRQHandler
                0x08002a08                TIM2_IRQHandler
                0x08002a08                OTG_FS_WKUP_IRQHandler
                0x08002a08                TIM1_TRG_COM_TIM11_IRQHandler
                0x08002a08                EXTI1_IRQHandler
                0x08002a08                USART2_IRQHandler
                0x08002a08                I2C2_ER_IRQHandler
                0x08002a08                DMA2_Stream1_IRQHandler
                0x08002a08                FLASH_IRQHandler
                0x08002a08                DMA2_Stream4_IRQHandler
                0x08002a08                USART1_IRQHandler
                0x08002a08                SPI3_IRQHandler
                0x08002a08                DMA1_Stream4_IRQHandler
                0x08002a08                I2C1_ER_IRQHandler
                0x08002a08                DMA2_Stream6_IRQHandler
                0x08002a08                DMA1_Stream3_IRQHandler
 *fill*         0x08002a0a        0x2 
 .text.HAL_Init
                0x08002a0c       0x44 ./Drivers/STM32F4xx_HAL_Driver/Src/stm32f4xx_hal.o
                0x08002a0c                HAL_Init
 .text.HAL_InitTick
                0x08002a50       0x60 ./Drivers/STM32F4xx_HAL_Driver/Src/stm32f4xx_hal.o
                0x08002a50                HAL_InitTick
 .text.HAL_IncTick
                0x08002ab0       0x28 ./Drivers/STM32F4xx_HAL_Driver/Src/stm32f4xx_hal.o
                0x08002ab0                HAL_IncTick
 .text.HAL_GetTick
                0x08002ad8       0x18 ./Drivers/STM32F4xx_HAL_Driver/Src/stm32f4xx_hal.o
                0x08002ad8                HAL_GetTick
 .text.HAL_Delay
                0x08002af0       0x48 ./Drivers/STM32F4xx_HAL_Driver/Src/stm32f4xx_hal.o
                0x08002af0                HAL_Delay
 .text.HAL_ADC_Init
                0x08002b38       0x86 ./Drivers/STM32F4xx_HAL_Driver/Src/stm32f4xx_hal_adc.o
                0x08002b38                HAL_ADC_Init
 *fill*         0x08002bbe        0x2 
 .text.HAL_ADC_Start_DMA
                0x08002bc0      0x1e0 ./Drivers/STM32F4xx_HAL_Driver/Src/stm32f4xx_hal_adc.o
                0x08002bc0                HAL_ADC_Start_DMA
 .text.HAL_ADC_ConvHalfCpltCallback
                0x08002da0       0x14 ./Drivers/STM32F4xx_HAL_Driver/Src/stm32f4xx_hal_adc.o
                0x08002da0                HAL_ADC_ConvHalfCpltCallback
 .text.HAL_ADC_ErrorCallback
                0x08002db4       0x14 ./Drivers/STM32F4xx_HAL_Driver/Src/stm32f4xx_hal_adc.o
                0x08002db4                HAL_ADC_ErrorCallback
 .text.HAL_ADC_ConfigChannel
                0x08002dc8      0x264 ./Drivers/STM32F4xx_HAL_Driver/Src/stm32f4xx_hal_adc.o
                0x08002dc8                HAL_ADC_ConfigChannel
 .text.ADC_Init
                0x0800302c      0x1f8 ./Drivers/STM32F4xx_HAL_Driver/Src/stm32f4xx_hal_adc.o
 .text.ADC_DMAConvCplt
                0x08003224       0xba ./Drivers/STM32F4xx_HAL_Driver/Src/stm32f4xx_hal_adc.o
 .text.ADC_DMAHalfConvCplt
                0x080032de       0x1c ./Drivers/STM32F4xx_HAL_Driver/Src/stm32f4xx_hal_adc.o
 .text.ADC_DMAError
                0x080032fa       0x2e ./Drivers/STM32F4xx_HAL_Driver/Src/stm32f4xx_hal_adc.o
 .text.__NVIC_SetPriorityGrouping
                0x08003328       0x48 ./Drivers/STM32F4xx_HAL_Driver/Src/stm32f4xx_hal_cortex.o
 .text.__NVIC_GetPriorityGrouping
                0x08003370       0x1c ./Drivers/STM32F4xx_HAL_Driver/Src/stm32f4xx_hal_cortex.o
 .text.__NVIC_EnableIRQ
                0x0800338c       0x3c ./Drivers/STM32F4xx_HAL_Driver/Src/stm32f4xx_hal_cortex.o
 .text.__NVIC_SetPriority
                0x080033c8       0x54 ./Drivers/STM32F4xx_HAL_Driver/Src/stm32f4xx_hal_cortex.o
 .text.NVIC_EncodePriority
                0x0800341c       0x66 ./Drivers/STM32F4xx_HAL_Driver/Src/stm32f4xx_hal_cortex.o
 *fill*         0x08003482        0x2 
 .text.SysTick_Config
                0x08003484       0x44 ./Drivers/STM32F4xx_HAL_Driver/Src/stm32f4xx_hal_cortex.o
 .text.HAL_NVIC_SetPriorityGrouping
                0x080034c8       0x16 ./Drivers/STM32F4xx_HAL_Driver/Src/stm32f4xx_hal_cortex.o
                0x080034c8                HAL_NVIC_SetPriorityGrouping
 .text.HAL_NVIC_SetPriority
                0x080034de       0x38 ./Drivers/STM32F4xx_HAL_Driver/Src/stm32f4xx_hal_cortex.o
                0x080034de                HAL_NVIC_SetPriority
 .text.HAL_NVIC_EnableIRQ
                0x08003516       0x1c ./Drivers/STM32F4xx_HAL_Driver/Src/stm32f4xx_hal_cortex.o
                0x08003516                HAL_NVIC_EnableIRQ
 .text.HAL_SYSTICK_Config
                0x08003532       0x18 ./Drivers/STM32F4xx_HAL_Driver/Src/stm32f4xx_hal_cortex.o
                0x08003532                HAL_SYSTICK_Config
 *fill*         0x0800354a        0x2 
 .text.HAL_DMA_Init
                0x0800354c      0x15c ./Drivers/STM32F4xx_HAL_Driver/Src/stm32f4xx_hal_dma.o
                0x0800354c                HAL_DMA_Init
 .text.HAL_DMA_Start_IT
                0x080036a8       0xb0 ./Drivers/STM32F4xx_HAL_Driver/Src/stm32f4xx_hal_dma.o
                0x080036a8                HAL_DMA_Start_IT
 .text.HAL_DMA_IRQHandler
                0x08003758      0x314 ./Drivers/STM32F4xx_HAL_Driver/Src/stm32f4xx_hal_dma.o
                0x08003758                HAL_DMA_IRQHandler
 .text.DMA_SetConfig
                0x08003a6c       0x5c ./Drivers/STM32F4xx_HAL_Driver/Src/stm32f4xx_hal_dma.o
 .text.DMA_CalcBaseAndBitshift
                0x08003ac8       0x6c ./Drivers/STM32F4xx_HAL_Driver/Src/stm32f4xx_hal_dma.o
 .text.DMA_CheckFifoParam
                0x08003b34       0xf8 ./Drivers/STM32F4xx_HAL_Driver/Src/stm32f4xx_hal_dma.o
 .text.HAL_GPIO_Init
                0x08003c2c      0x308 ./Drivers/STM32F4xx_HAL_Driver/Src/stm32f4xx_hal_gpio.o
                0x08003c2c                HAL_GPIO_Init
 .text.HAL_GPIO_WritePin
                0x08003f34       0x32 ./Drivers/STM32F4xx_HAL_Driver/Src/stm32f4xx_hal_gpio.o
                0x08003f34                HAL_GPIO_WritePin
 .text.HAL_PCD_Init
                0x08003f66      0x21e ./Drivers/STM32F4xx_HAL_Driver/Src/stm32f4xx_hal_pcd.o
                0x08003f66                HAL_PCD_Init
 .text.HAL_PCD_Start
                0x08004184       0x6a ./Drivers/STM32F4xx_HAL_Driver/Src/stm32f4xx_hal_pcd.o
                0x08004184                HAL_PCD_Start
 .text.HAL_PCD_IRQHandler
                0x080041ee      0x942 ./Drivers/STM32F4xx_HAL_Driver/Src/stm32f4xx_hal_pcd.o
                0x080041ee                HAL_PCD_IRQHandler
 .text.HAL_PCD_SetAddress
                0x08004b30       0x48 ./Drivers/STM32F4xx_HAL_Driver/Src/stm32f4xx_hal_pcd.o
                0x08004b30                HAL_PCD_SetAddress
 .text.HAL_PCD_EP_Open
                0x08004b78       0xd4 ./Drivers/STM32F4xx_HAL_Driver/Src/stm32f4xx_hal_pcd.o
                0x08004b78                HAL_PCD_EP_Open
 .text.HAL_PCD_EP_Close
                0x08004c4c       0x94 ./Drivers/STM32F4xx_HAL_Driver/Src/stm32f4xx_hal_pcd.o
                0x08004c4c                HAL_PCD_EP_Close
 .text.HAL_PCD_EP_Receive
                0x08004ce0       0x76 ./Drivers/STM32F4xx_HAL_Driver/Src/stm32f4xx_hal_pcd.o
                0x08004ce0                HAL_PCD_EP_Receive
 .text.HAL_PCD_EP_GetRxCount
                0x08004d56       0x30 ./Drivers/STM32F4xx_HAL_Driver/Src/stm32f4xx_hal_pcd.o
                0x08004d56                HAL_PCD_EP_GetRxCount
 .text.HAL_PCD_EP_Transmit
                0x08004d86       0x74 ./Drivers/STM32F4xx_HAL_Driver/Src/stm32f4xx_hal_pcd.o
                0x08004d86                HAL_PCD_EP_Transmit
 .text.HAL_PCD_EP_SetStall
                0x08004dfa       0xc6 ./Drivers/STM32F4xx_HAL_Driver/Src/stm32f4xx_hal_pcd.o
                0x08004dfa                HAL_PCD_EP_SetStall
 .text.HAL_PCD_EP_ClrStall
                0x08004ec0       0xac ./Drivers/STM32F4xx_HAL_Driver/Src/stm32f4xx_hal_pcd.o
                0x08004ec0                HAL_PCD_EP_ClrStall
 .text.HAL_PCD_EP_Abort
                0x08004f6c       0x62 ./Drivers/STM32F4xx_HAL_Driver/Src/stm32f4xx_hal_pcd.o
                0x08004f6c                HAL_PCD_EP_Abort
 .text.PCD_WriteEmptyTxFifo
                0x08004fce      0x118 ./Drivers/STM32F4xx_HAL_Driver/Src/stm32f4xx_hal_pcd.o
 *fill*         0x080050e6        0x2 
 .text.PCD_EP_OutXfrComplete_int
                0x080050e8      0x1d0 ./Drivers/STM32F4xx_HAL_Driver/Src/stm32f4xx_hal_pcd.o
 .text.PCD_EP_OutSetupPacket_int
                0x080052b8       0x8c ./Drivers/STM32F4xx_HAL_Driver/Src/stm32f4xx_hal_pcd.o
 .text.HAL_PCDEx_SetTxFiFo
                0x08005344       0x8e ./Drivers/STM32F4xx_HAL_Driver/Src/stm32f4xx_hal_pcd_ex.o
                0x08005344                HAL_PCDEx_SetTxFiFo
 .text.HAL_PCDEx_SetRxFiFo
                0x080053d2       0x22 ./Drivers/STM32F4xx_HAL_Driver/Src/stm32f4xx_hal_pcd_ex.o
                0x080053d2                HAL_PCDEx_SetRxFiFo
 .text.HAL_PCDEx_LPM_Callback
                0x080053f4       0x18 ./Drivers/STM32F4xx_HAL_Driver/Src/stm32f4xx_hal_pcd_ex.o
                0x080053f4                HAL_PCDEx_LPM_Callback
 .text.HAL_RCC_OscConfig
                0x0800540c      0x4f0 ./Drivers/STM32F4xx_HAL_Driver/Src/stm32f4xx_hal_rcc.o
                0x0800540c                HAL_RCC_OscConfig
 .text.HAL_RCC_ClockConfig
                0x080058fc      0x1cc ./Drivers/STM32F4xx_HAL_Driver/Src/stm32f4xx_hal_rcc.o
                0x080058fc                HAL_RCC_ClockConfig
 .text.HAL_RCC_GetSysClockFreq
                0x08005ac8      0x18c ./Drivers/STM32F4xx_HAL_Driver/Src/stm32f4xx_hal_rcc.o
                0x08005ac8                HAL_RCC_GetSysClockFreq
 .text.HAL_RCC_GetHCLKFreq
                0x08005c54       0x18 ./Drivers/STM32F4xx_HAL_Driver/Src/stm32f4xx_hal_rcc.o
                0x08005c54                HAL_RCC_GetHCLKFreq
 .text.HAL_TIM_Base_Init
                0x08005c6c       0x9e ./Drivers/STM32F4xx_HAL_Driver/Src/stm32f4xx_hal_tim.o
                0x08005c6c                HAL_TIM_Base_Init
 *fill*         0x08005d0a        0x2 
 .text.HAL_TIM_Base_Start
                0x08005d0c       0xb4 ./Drivers/STM32F4xx_HAL_Driver/Src/stm32f4xx_hal_tim.o
                0x08005d0c                HAL_TIM_Base_Start
 .text.HAL_TIM_PWM_Init
                0x08005dc0       0x9e ./Drivers/STM32F4xx_HAL_Driver/Src/stm32f4xx_hal_tim.o
                0x08005dc0                HAL_TIM_PWM_Init
 .text.HAL_TIM_PWM_MspInit
                0x08005e5e       0x14 ./Drivers/STM32F4xx_HAL_Driver/Src/stm32f4xx_hal_tim.o
                0x08005e5e                HAL_TIM_PWM_MspInit
 *fill*         0x08005e72        0x2 
 .text.HAL_TIM_PWM_Start
                0x08005e74      0x160 ./Drivers/STM32F4xx_HAL_Driver/Src/stm32f4xx_hal_tim.o
                0x08005e74                HAL_TIM_PWM_Start
 .text.HAL_TIM_Encoder_Init
                0x08005fd4      0x14c ./Drivers/STM32F4xx_HAL_Driver/Src/stm32f4xx_hal_tim.o
                0x08005fd4                HAL_TIM_Encoder_Init
 .text.HAL_TIM_Encoder_Start
                0x08006120      0x11c ./Drivers/STM32F4xx_HAL_Driver/Src/stm32f4xx_hal_tim.o
                0x08006120                HAL_TIM_Encoder_Start
 .text.HAL_TIM_PWM_ConfigChannel
                0x0800623c      0x184 ./Drivers/STM32F4xx_HAL_Driver/Src/stm32f4xx_hal_tim.o
                0x0800623c                HAL_TIM_PWM_ConfigChannel
 .text.HAL_TIM_ConfigClockSource
                0x080063c0      0x18e ./Drivers/STM32F4xx_HAL_Driver/Src/stm32f4xx_hal_tim.o
                0x080063c0                HAL_TIM_ConfigClockSource
 *fill*         0x0800654e        0x2 
 .text.TIM_Base_SetConfig
                0x08006550      0x118 ./Drivers/STM32F4xx_HAL_Driver/Src/stm32f4xx_hal_tim.o
                0x08006550                TIM_Base_SetConfig
 .text.TIM_OC1_SetConfig
                0x08006668       0xcc ./Drivers/STM32F4xx_HAL_Driver/Src/stm32f4xx_hal_tim.o
 .text.TIM_OC2_SetConfig
                0x08006734       0xd8 ./Drivers/STM32F4xx_HAL_Driver/Src/stm32f4xx_hal_tim.o
                0x08006734                TIM_OC2_SetConfig
 .text.TIM_OC3_SetConfig
                0x0800680c       0xd4 ./Drivers/STM32F4xx_HAL_Driver/Src/stm32f4xx_hal_tim.o
 .text.TIM_OC4_SetConfig
                0x080068e0       0xa0 ./Drivers/STM32F4xx_HAL_Driver/Src/stm32f4xx_hal_tim.o
 .text.TIM_TI1_ConfigInputStage
                0x08006980       0x5e ./Drivers/STM32F4xx_HAL_Driver/Src/stm32f4xx_hal_tim.o
 .text.TIM_TI2_ConfigInputStage
                0x080069de       0x60 ./Drivers/STM32F4xx_HAL_Driver/Src/stm32f4xx_hal_tim.o
 .text.TIM_ITRx_SetConfig
                0x08006a3e       0x36 ./Drivers/STM32F4xx_HAL_Driver/Src/stm32f4xx_hal_tim.o
 .text.TIM_ETR_SetConfig
                0x08006a74       0x40 ./Drivers/STM32F4xx_HAL_Driver/Src/stm32f4xx_hal_tim.o
                0x08006a74                TIM_ETR_SetConfig
 .text.TIM_CCxChannelCmd
                0x08006ab4       0x4a ./Drivers/STM32F4xx_HAL_Driver/Src/stm32f4xx_hal_tim.o
                0x08006ab4                TIM_CCxChannelCmd
 *fill*         0x08006afe        0x2 
 .text.HAL_TIMEx_MasterConfigSynchronization
                0x08006b00       0xdc ./Drivers/STM32F4xx_HAL_Driver/Src/stm32f4xx_hal_tim_ex.o
                0x08006b00                HAL_TIMEx_MasterConfigSynchronization
 .text.USB_CoreInit
                0x08006bdc       0xc8 ./Drivers/STM32F4xx_HAL_Driver/Src/stm32f4xx_ll_usb.o
                0x08006bdc                USB_CoreInit
 .text.USB_SetTurnaroundTime
                0x08006ca4      0x144 ./Drivers/STM32F4xx_HAL_Driver/Src/stm32f4xx_ll_usb.o
                0x08006ca4                USB_SetTurnaroundTime
 .text.USB_EnableGlobalInt
                0x08006de8       0x22 ./Drivers/STM32F4xx_HAL_Driver/Src/stm32f4xx_ll_usb.o
                0x08006de8                USB_EnableGlobalInt
 .text.USB_DisableGlobalInt
                0x08006e0a       0x22 ./Drivers/STM32F4xx_HAL_Driver/Src/stm32f4xx_ll_usb.o
                0x08006e0a                USB_DisableGlobalInt
 .text.USB_SetCurrentMode
                0x08006e2c       0x98 ./Drivers/STM32F4xx_HAL_Driver/Src/stm32f4xx_ll_usb.o
                0x08006e2c                USB_SetCurrentMode
 .text.USB_DevInit
                0x08006ec4      0x2c8 ./Drivers/STM32F4xx_HAL_Driver/Src/stm32f4xx_ll_usb.o
                0x08006ec4                USB_DevInit
 .text.USB_FlushTxFifo
                0x0800718c       0x64 ./Drivers/STM32F4xx_HAL_Driver/Src/stm32f4xx_ll_usb.o
                0x0800718c                USB_FlushTxFifo
 .text.USB_FlushRxFifo
                0x080071f0       0x5c ./Drivers/STM32F4xx_HAL_Driver/Src/stm32f4xx_ll_usb.o
                0x080071f0                USB_FlushRxFifo
 .text.USB_SetDevSpeed
                0x0800724c       0x32 ./Drivers/STM32F4xx_HAL_Driver/Src/stm32f4xx_ll_usb.o
                0x0800724c                USB_SetDevSpeed
 .text.USB_GetDevSpeed
                0x0800727e       0x4a ./Drivers/STM32F4xx_HAL_Driver/Src/stm32f4xx_ll_usb.o
                0x0800727e                USB_GetDevSpeed
 .text.USB_ActivateEndpoint
                0x080072c8      0x10e ./Drivers/STM32F4xx_HAL_Driver/Src/stm32f4xx_ll_usb.o
                0x080072c8                USB_ActivateEndpoint
 *fill*         0x080073d6        0x2 
 .text.USB_DeactivateEndpoint
                0x080073d8      0x1b8 ./Drivers/STM32F4xx_HAL_Driver/Src/stm32f4xx_ll_usb.o
                0x080073d8                USB_DeactivateEndpoint
 .text.USB_EPStartXfer
                0x08007590      0x53c ./Drivers/STM32F4xx_HAL_Driver/Src/stm32f4xx_ll_usb.o
                0x08007590                USB_EPStartXfer
 .text.USB_EPStopXfer
                0x08007acc      0x154 ./Drivers/STM32F4xx_HAL_Driver/Src/stm32f4xx_ll_usb.o
                0x08007acc                USB_EPStopXfer
 .text.USB_WritePacket
                0x08007c20       0x7c ./Drivers/STM32F4xx_HAL_Driver/Src/stm32f4xx_ll_usb.o
                0x08007c20                USB_WritePacket
 .text.USB_ReadPacket
                0x08007c9c       0xb0 ./Drivers/STM32F4xx_HAL_Driver/Src/stm32f4xx_ll_usb.o
                0x08007c9c                USB_ReadPacket
 .text.USB_EPSetStall
                0x08007d4c       0xdc ./Drivers/STM32F4xx_HAL_Driver/Src/stm32f4xx_ll_usb.o
                0x08007d4c                USB_EPSetStall
 .text.USB_EPClearStall
                0x08007e28       0xcc ./Drivers/STM32F4xx_HAL_Driver/Src/stm32f4xx_ll_usb.o
                0x08007e28                USB_EPClearStall
 .text.USB_SetDevAddress
                0x08007ef4       0x4c ./Drivers/STM32F4xx_HAL_Driver/Src/stm32f4xx_ll_usb.o
                0x08007ef4                USB_SetDevAddress
 .text.USB_DevConnect
                0x08007f40       0x42 ./Drivers/STM32F4xx_HAL_Driver/Src/stm32f4xx_ll_usb.o
                0x08007f40                USB_DevConnect
 .text.USB_DevDisconnect
                0x08007f82       0x42 ./Drivers/STM32F4xx_HAL_Driver/Src/stm32f4xx_ll_usb.o
                0x08007f82                USB_DevDisconnect
 .text.USB_ReadInterrupts
                0x08007fc4       0x26 ./Drivers/STM32F4xx_HAL_Driver/Src/stm32f4xx_ll_usb.o
                0x08007fc4                USB_ReadInterrupts
 .text.USB_ReadDevAllOutEpInterrupt
                0x08007fea       0x34 ./Drivers/STM32F4xx_HAL_Driver/Src/stm32f4xx_ll_usb.o
                0x08007fea                USB_ReadDevAllOutEpInterrupt
 .text.USB_ReadDevAllInEpInterrupt
                0x0800801e       0x34 ./Drivers/STM32F4xx_HAL_Driver/Src/stm32f4xx_ll_usb.o
                0x0800801e                USB_ReadDevAllInEpInterrupt
 .text.USB_ReadDevOutEPInterrupt
                0x08008052       0x3c ./Drivers/STM32F4xx_HAL_Driver/Src/stm32f4xx_ll_usb.o
                0x08008052                USB_ReadDevOutEPInterrupt
 .text.USB_ReadDevInEPInterrupt
                0x0800808e       0x5c ./Drivers/STM32F4xx_HAL_Driver/Src/stm32f4xx_ll_usb.o
                0x0800808e                USB_ReadDevInEPInterrupt
 .text.USB_GetMode
                0x080080ea       0x1c ./Drivers/STM32F4xx_HAL_Driver/Src/stm32f4xx_ll_usb.o
                0x080080ea                USB_GetMode
 .text.USB_ActivateSetup
                0x08008106       0x46 ./Drivers/STM32F4xx_HAL_Driver/Src/stm32f4xx_ll_usb.o
                0x08008106                USB_ActivateSetup
 .text.USB_EP0_OutStart
                0x0800814c       0xbc ./Drivers/STM32F4xx_HAL_Driver/Src/stm32f4xx_ll_usb.o
                0x0800814c                USB_EP0_OutStart
 .text.USB_CoreReset
                0x08008208       0x62 ./Drivers/STM32F4xx_HAL_Driver/Src/stm32f4xx_ll_usb.o
 *fill*         0x0800826a        0x2 
 .text.USBD_CDC_Init
                0x0800826c      0x1f0 ./Middlewares/ST/STM32_USB_Device_Library/Class/CDC/Src/usbd_cdc.o
 .text.USBD_CDC_DeInit
                0x0800845c      0x104 ./Middlewares/ST/STM32_USB_Device_Library/Class/CDC/Src/usbd_cdc.o
 .text.USBD_CDC_Setup
                0x08008560      0x1b8 ./Middlewares/ST/STM32_USB_Device_Library/Class/CDC/Src/usbd_cdc.o
 .text.USBD_CDC_DataIn
                0x08008718       0xfe ./Middlewares/ST/STM32_USB_Device_Library/Class/CDC/Src/usbd_cdc.o
 .text.USBD_CDC_DataOut
                0x08008816       0x70 ./Middlewares/ST/STM32_USB_Device_Library/Class/CDC/Src/usbd_cdc.o
 .text.USBD_CDC_EP0_RxReady
                0x08008886       0x74 ./Middlewares/ST/STM32_USB_Device_Library/Class/CDC/Src/usbd_cdc.o
 *fill*         0x080088fa        0x2 
 .text.USBD_CDC_GetFSCfgDesc
                0x080088fc       0x70 ./Middlewares/ST/STM32_USB_Device_Library/Class/CDC/Src/usbd_cdc.o
 .text.USBD_CDC_GetHSCfgDesc
                0x0800896c       0x70 ./Middlewares/ST/STM32_USB_Device_Library/Class/CDC/Src/usbd_cdc.o
 .text.USBD_CDC_GetOtherSpeedCfgDesc
                0x080089dc       0x70 ./Middlewares/ST/STM32_USB_Device_Library/Class/CDC/Src/usbd_cdc.o
 .text.USBD_CDC_GetDeviceQualifierDescriptor
                0x08008a4c       0x20 ./Middlewares/ST/STM32_USB_Device_Library/Class/CDC/Src/usbd_cdc.o
                0x08008a4c                USBD_CDC_GetDeviceQualifierDescriptor
 .text.USBD_CDC_RegisterInterface
                0x08008a6c       0x34 ./Middlewares/ST/STM32_USB_Device_Library/Class/CDC/Src/usbd_cdc.o
                0x08008a6c                USBD_CDC_RegisterInterface
 .text.USBD_CDC_SetTxBuffer
                0x08008aa0       0x44 ./Middlewares/ST/STM32_USB_Device_Library/Class/CDC/Src/usbd_cdc.o
                0x08008aa0                USBD_CDC_SetTxBuffer
 .text.USBD_CDC_SetRxBuffer
                0x08008ae4       0x3a ./Middlewares/ST/STM32_USB_Device_Library/Class/CDC/Src/usbd_cdc.o
                0x08008ae4                USBD_CDC_SetRxBuffer
 *fill*         0x08008b1e        0x2 
 .text.USBD_CDC_TransmitPacket
                0x08008b20       0x80 ./Middlewares/ST/STM32_USB_Device_Library/Class/CDC/Src/usbd_cdc.o
                0x08008b20                USBD_CDC_TransmitPacket
 .text.USBD_CDC_ReceivePacket
                0x08008ba0       0x6c ./Middlewares/ST/STM32_USB_Device_Library/Class/CDC/Src/usbd_cdc.o
                0x08008ba0                USBD_CDC_ReceivePacket
 .text.USBD_Init
                0x08008c0c       0x60 ./Middlewares/ST/STM32_USB_Device_Library/Core/Src/usbd_core.o
                0x08008c0c                USBD_Init
 .text.USBD_RegisterClass
                0x08008c6c       0x6c ./Middlewares/ST/STM32_USB_Device_Library/Core/Src/usbd_core.o
                0x08008c6c                USBD_RegisterClass
 .text.USBD_Start
                0x08008cd8       0x18 ./Middlewares/ST/STM32_USB_Device_Library/Core/Src/usbd_core.o
                0x08008cd8                USBD_Start
 .text.USBD_RunTestMode
                0x08008cf0       0x16 ./Middlewares/ST/STM32_USB_Device_Library/Core/Src/usbd_core.o
                0x08008cf0                USBD_RunTestMode
 .text.USBD_SetClassConfig
                0x08008d06       0x38 ./Middlewares/ST/STM32_USB_Device_Library/Core/Src/usbd_core.o
                0x08008d06                USBD_SetClassConfig
 .text.USBD_ClrClassConfig
                0x08008d3e       0x34 ./Middlewares/ST/STM32_USB_Device_Library/Core/Src/usbd_core.o
                0x08008d3e                USBD_ClrClassConfig
 .text.USBD_LL_SetupStage
                0x08008d72       0xaa ./Middlewares/ST/STM32_USB_Device_Library/Core/Src/usbd_core.o
                0x08008d72                USBD_LL_SetupStage
 .text.USBD_LL_DataOutStage
                0x08008e1c      0x166 ./Middlewares/ST/STM32_USB_Device_Library/Core/Src/usbd_core.o
                0x08008e1c                USBD_LL_DataOutStage
 .text.USBD_LL_DataInStage
                0x08008f82      0x164 ./Middlewares/ST/STM32_USB_Device_Library/Core/Src/usbd_core.o
                0x08008f82                USBD_LL_DataInStage
 .text.USBD_LL_Reset
                0x080090e6       0xa4 ./Middlewares/ST/STM32_USB_Device_Library/Core/Src/usbd_core.o
                0x080090e6                USBD_LL_Reset
 .text.USBD_LL_SetSpeed
                0x0800918a       0x20 ./Middlewares/ST/STM32_USB_Device_Library/Core/Src/usbd_core.o
                0x0800918a                USBD_LL_SetSpeed
 .text.USBD_LL_Suspend
                0x080091aa       0x38 ./Middlewares/ST/STM32_USB_Device_Library/Core/Src/usbd_core.o
                0x080091aa                USBD_LL_Suspend
 .text.USBD_LL_Resume
                0x080091e2       0x30 ./Middlewares/ST/STM32_USB_Device_Library/Core/Src/usbd_core.o
                0x080091e2                USBD_LL_Resume
 .text.USBD_LL_SOF
                0x08009212       0x40 ./Middlewares/ST/STM32_USB_Device_Library/Core/Src/usbd_core.o
                0x08009212                USBD_LL_SOF
 .text.USBD_LL_IsoINIncomplete
                0x08009252       0x64 ./Middlewares/ST/STM32_USB_Device_Library/Core/Src/usbd_core.o
                0x08009252                USBD_LL_IsoINIncomplete
 .text.USBD_LL_IsoOUTIncomplete
                0x080092b6       0x64 ./Middlewares/ST/STM32_USB_Device_Library/Core/Src/usbd_core.o
                0x080092b6                USBD_LL_IsoOUTIncomplete
 .text.USBD_LL_DevConnected
                0x0800931a       0x16 ./Middlewares/ST/STM32_USB_Device_Library/Core/Src/usbd_core.o
                0x0800931a                USBD_LL_DevConnected
 .text.USBD_LL_DevDisconnected
                0x08009330       0x46 ./Middlewares/ST/STM32_USB_Device_Library/Core/Src/usbd_core.o
                0x08009330                USBD_LL_DevDisconnected
 .text.USBD_CoreFindIF
                0x08009376       0x1a ./Middlewares/ST/STM32_USB_Device_Library/Core/Src/usbd_core.o
                0x08009376                USBD_CoreFindIF
 .text.USBD_CoreFindEP
                0x08009390       0x1a ./Middlewares/ST/STM32_USB_Device_Library/Core/Src/usbd_core.o
                0x08009390                USBD_CoreFindEP
 .text.USBD_GetEpDesc
                0x080093aa       0x70 ./Middlewares/ST/STM32_USB_Device_Library/Core/Src/usbd_core.o
                0x080093aa                USBD_GetEpDesc
 .text.USBD_GetNextDesc
                0x0800941a       0x38 ./Middlewares/ST/STM32_USB_Device_Library/Core/Src/usbd_core.o
                0x0800941a                USBD_GetNextDesc
 .text.SWAPBYTE
                0x08009452       0x3c ./Middlewares/ST/STM32_USB_Device_Library/Core/Src/usbd_ctlreq.o
 *fill*         0x0800948e        0x2 
 .text.USBD_StdDevReq
                0x08009490       0xe4 ./Middlewares/ST/STM32_USB_Device_Library/Core/Src/usbd_ctlreq.o
                0x08009490                USBD_StdDevReq
 .text.USBD_StdItfReq
                0x08009574       0xd8 ./Middlewares/ST/STM32_USB_Device_Library/Core/Src/usbd_ctlreq.o
                0x08009574                USBD_StdItfReq
 .text.USBD_StdEPReq
                0x0800964c      0x33a ./Middlewares/ST/STM32_USB_Device_Library/Core/Src/usbd_ctlreq.o
                0x0800964c                USBD_StdEPReq
 *fill*         0x08009986        0x2 
 .text.USBD_GetDescriptor
                0x08009988      0x2d4 ./Middlewares/ST/STM32_USB_Device_Library/Core/Src/usbd_ctlreq.o
 .text.USBD_SetAddress
                0x08009c5c       0x88 ./Middlewares/ST/STM32_USB_Device_Library/Core/Src/usbd_ctlreq.o
 .text.USBD_SetConfig
                0x08009ce4      0x154 ./Middlewares/ST/STM32_USB_Device_Library/Core/Src/usbd_ctlreq.o
 .text.USBD_GetConfig
                0x08009e38       0x6c ./Middlewares/ST/STM32_USB_Device_Library/Core/Src/usbd_ctlreq.o
 .text.USBD_GetStatus
                0x08009ea4       0x68 ./Middlewares/ST/STM32_USB_Device_Library/Core/Src/usbd_ctlreq.o
 .text.USBD_SetFeature
                0x08009f0c       0x52 ./Middlewares/ST/STM32_USB_Device_Library/Core/Src/usbd_ctlreq.o
 .text.USBD_ClrFeature
                0x08009f5e       0x44 ./Middlewares/ST/STM32_USB_Device_Library/Core/Src/usbd_ctlreq.o
 .text.USBD_ParseSetupRequest
                0x08009fa2       0x74 ./Middlewares/ST/STM32_USB_Device_Library/Core/Src/usbd_ctlreq.o
                0x08009fa2                USBD_ParseSetupRequest
 .text.USBD_CtlError
                0x0800a016       0x22 ./Middlewares/ST/STM32_USB_Device_Library/Core/Src/usbd_ctlreq.o
                0x0800a016                USBD_CtlError
 .text.USBD_GetString
                0x0800a038       0xa4 ./Middlewares/ST/STM32_USB_Device_Library/Core/Src/usbd_ctlreq.o
                0x0800a038                USBD_GetString
 .text.USBD_GetLen
                0x0800a0dc       0x34 ./Middlewares/ST/STM32_USB_Device_Library/Core/Src/usbd_ctlreq.o
 .text.USBD_CtlSendData
                0x0800a110       0x36 ./Middlewares/ST/STM32_USB_Device_Library/Core/Src/usbd_ioreq.o
                0x0800a110                USBD_CtlSendData
 .text.USBD_CtlContinueSendData
                0x0800a146       0x22 ./Middlewares/ST/STM32_USB_Device_Library/Core/Src/usbd_ioreq.o
                0x0800a146                USBD_CtlContinueSendData
 .text.USBD_CtlPrepareRx
                0x0800a168       0x3a ./Middlewares/ST/STM32_USB_Device_Library/Core/Src/usbd_ioreq.o
                0x0800a168                USBD_CtlPrepareRx
 .text.USBD_CtlContinueRx
                0x0800a1a2       0x22 ./Middlewares/ST/STM32_USB_Device_Library/Core/Src/usbd_ioreq.o
                0x0800a1a2                USBD_CtlContinueRx
 .text.USBD_CtlSendStatus
                0x0800a1c4       0x26 ./Middlewares/ST/STM32_USB_Device_Library/Core/Src/usbd_ioreq.o
                0x0800a1c4                USBD_CtlSendStatus
 .text.USBD_CtlReceiveStatus
                0x0800a1ea       0x26 ./Middlewares/ST/STM32_USB_Device_Library/Core/Src/usbd_ioreq.o
                0x0800a1ea                USBD_CtlReceiveStatus
 .text.MX_USB_DEVICE_Init
                0x0800a210       0x60 ./USB_DEVICE/App/usb_device.o
                0x0800a210                MX_USB_DEVICE_Init
 .text.CDC_Init_FS
                0x0800a270       0x28 ./USB_DEVICE/App/usbd_cdc_if.o
 .text.CDC_DeInit_FS
                0x0800a298       0x10 ./USB_DEVICE/App/usbd_cdc_if.o
 .text.CDC_Control_FS
                0x0800a2a8       0xbc ./USB_DEVICE/App/usbd_cdc_if.o
 .text.CDC_Receive_FS
                0x0800a364       0x34 ./USB_DEVICE/App/usbd_cdc_if.o
 .text.CDC_Transmit_FS
                0x0800a398       0x4c ./USB_DEVICE/App/usbd_cdc_if.o
                0x0800a398                CDC_Transmit_FS
 .text.CDC_TransmitCplt_FS
                0x0800a3e4       0x22 ./USB_DEVICE/App/usbd_cdc_if.o
 *fill*         0x0800a406        0x2 
 .text.USBD_FS_DeviceDescriptor
                0x0800a408       0x24 ./USB_DEVICE/App/usbd_desc.o
                0x0800a408                USBD_FS_DeviceDescriptor
 .text.USBD_FS_LangIDStrDescriptor
                0x0800a42c       0x24 ./USB_DEVICE/App/usbd_desc.o
                0x0800a42c                USBD_FS_LangIDStrDescriptor
 .text.USBD_FS_ProductStrDescriptor
                0x0800a450       0x3c ./USB_DEVICE/App/usbd_desc.o
                0x0800a450                USBD_FS_ProductStrDescriptor
 .text.USBD_FS_ManufacturerStrDescriptor
                0x0800a48c       0x28 ./USB_DEVICE/App/usbd_desc.o
                0x0800a48c                USBD_FS_ManufacturerStrDescriptor
 .text.USBD_FS_SerialStrDescriptor
                0x0800a4b4       0x24 ./USB_DEVICE/App/usbd_desc.o
                0x0800a4b4                USBD_FS_SerialStrDescriptor
 .text.USBD_FS_ConfigStrDescriptor
                0x0800a4d8       0x3c ./USB_DEVICE/App/usbd_desc.o
                0x0800a4d8                USBD_FS_ConfigStrDescriptor
 .text.USBD_FS_InterfaceStrDescriptor
                0x0800a514       0x3c ./USB_DEVICE/App/usbd_desc.o
                0x0800a514                USBD_FS_InterfaceStrDescriptor
 .text.Get_SerialNum
                0x0800a550       0x58 ./USB_DEVICE/App/usbd_desc.o
 .text.IntToUnicode
                0x0800a5a8       0x7e ./USB_DEVICE/App/usbd_desc.o
 *fill*         0x0800a626        0x2 
 .text.HAL_PCD_MspInit
                0x0800a628       0xa8 ./USB_DEVICE/Target/usbd_conf.o
                0x0800a628                HAL_PCD_MspInit
 .text.HAL_PCD_SetupStageCallback
                0x0800a6d0       0x24 ./USB_DEVICE/Target/usbd_conf.o
                0x0800a6d0                HAL_PCD_SetupStageCallback
 .text.HAL_PCD_DataOutStageCallback
                0x0800a6f4       0x36 ./USB_DEVICE/Target/usbd_conf.o
                0x0800a6f4                HAL_PCD_DataOutStageCallback
 .text.HAL_PCD_DataInStageCallback
                0x0800a72a       0x34 ./USB_DEVICE/Target/usbd_conf.o
                0x0800a72a                HAL_PCD_DataInStageCallback
 .text.HAL_PCD_SOFCallback
                0x0800a75e       0x1c ./USB_DEVICE/Target/usbd_conf.o
                0x0800a75e                HAL_PCD_SOFCallback
 .text.HAL_PCD_ResetCallback
                0x0800a77a       0x3c ./USB_DEVICE/Target/usbd_conf.o
                0x0800a77a                HAL_PCD_ResetCallback
 *fill*         0x0800a7b6        0x2 
 .text.HAL_PCD_SuspendCallback
                0x0800a7b8       0x4c ./USB_DEVICE/Target/usbd_conf.o
                0x0800a7b8                HAL_PCD_SuspendCallback
 .text.HAL_PCD_ResumeCallback
                0x0800a804       0x1c ./USB_DEVICE/Target/usbd_conf.o
                0x0800a804                HAL_PCD_ResumeCallback
 .text.HAL_PCD_ISOOUTIncompleteCallback
                0x0800a820       0x24 ./USB_DEVICE/Target/usbd_conf.o
                0x0800a820                HAL_PCD_ISOOUTIncompleteCallback
 .text.HAL_PCD_ISOINIncompleteCallback
                0x0800a844       0x24 ./USB_DEVICE/Target/usbd_conf.o
                0x0800a844                HAL_PCD_ISOINIncompleteCallback
 .text.HAL_PCD_ConnectCallback
                0x0800a868       0x1c ./USB_DEVICE/Target/usbd_conf.o
                0x0800a868                HAL_PCD_ConnectCallback
 .text.HAL_PCD_DisconnectCallback
                0x0800a884       0x1c ./USB_DEVICE/Target/usbd_conf.o
                0x0800a884                HAL_PCD_DisconnectCallback
 .text.USBD_LL_Init
                0x0800a8a0       0x98 ./USB_DEVICE/Target/usbd_conf.o
                0x0800a8a0                USBD_LL_Init
 .text.USBD_LL_Start
                0x0800a938       0x36 ./USB_DEVICE/Target/usbd_conf.o
                0x0800a938                USBD_LL_Start
 .text.USBD_LL_OpenEP
                0x0800a96e       0x4c ./USB_DEVICE/Target/usbd_conf.o
                0x0800a96e                USBD_LL_OpenEP
 .text.USBD_LL_CloseEP
                0x0800a9ba       0x3e ./USB_DEVICE/Target/usbd_conf.o
                0x0800a9ba                USBD_LL_CloseEP
 .text.USBD_LL_StallEP
                0x0800a9f8       0x3e ./USB_DEVICE/Target/usbd_conf.o
                0x0800a9f8                USBD_LL_StallEP
 .text.USBD_LL_ClearStallEP
                0x0800aa36       0x3e ./USB_DEVICE/Target/usbd_conf.o
                0x0800aa36                USBD_LL_ClearStallEP
 .text.USBD_LL_IsStallEP
                0x0800aa74       0x58 ./USB_DEVICE/Target/usbd_conf.o
                0x0800aa74                USBD_LL_IsStallEP
 .text.USBD_LL_SetUSBAddress
                0x0800aacc       0x3e ./USB_DEVICE/Target/usbd_conf.o
                0x0800aacc                USBD_LL_SetUSBAddress
 .text.USBD_LL_Transmit
                0x0800ab0a       0x42 ./USB_DEVICE/Target/usbd_conf.o
                0x0800ab0a                USBD_LL_Transmit
 .text.USBD_LL_PrepareReceive
                0x0800ab4c       0x42 ./USB_DEVICE/Target/usbd_conf.o
                0x0800ab4c                USBD_LL_PrepareReceive
 .text.USBD_LL_GetRxDataSize
                0x0800ab8e       0x26 ./USB_DEVICE/Target/usbd_conf.o
                0x0800ab8e                USBD_LL_GetRxDataSize
 .text.USBD_static_malloc
                0x0800abb4       0x1c ./USB_DEVICE/Target/usbd_conf.o
                0x0800abb4                USBD_static_malloc
 .text.USBD_static_free
                0x0800abd0       0x14 ./USB_DEVICE/Target/usbd_conf.o
                0x0800abd0                USBD_static_free
 .text.USBD_Get_USB_Status
                0x0800abe4       0x58 ./USB_DEVICE/Target/usbd_conf.o
                0x0800abe4                USBD_Get_USB_Status
 .text.memset   0x0800ac3c       0x10 C:/ST/STM32CubeIDE_1.17.0/STM32CubeIDE/plugins/com.st.stm32cube.ide.mcu.externaltools.gnu-tools-for-stm32.12.3.rel1.win32_1.1.0.202410251130/tools/bin/../lib/gcc/arm-none-eabi/12.3.1/../../../../arm-none-eabi/lib/thumb/v7e-m+fp/hard\libc_nano.a(libc_a-memset.o)
                0x0800ac3c                memset
 .text.__libc_init_array
                0x0800ac4c       0x48 C:/ST/STM32CubeIDE_1.17.0/STM32CubeIDE/plugins/com.st.stm32cube.ide.mcu.externaltools.gnu-tools-for-stm32.12.3.rel1.win32_1.1.0.202410251130/tools/bin/../lib/gcc/arm-none-eabi/12.3.1/../../../../arm-none-eabi/lib/thumb/v7e-m+fp/hard\libc_nano.a(libc_a-init.o)
                0x0800ac4c                __libc_init_array
 .text.memcpy   0x0800ac94       0x1c C:/ST/STM32CubeIDE_1.17.0/STM32CubeIDE/plugins/com.st.stm32cube.ide.mcu.externaltools.gnu-tools-for-stm32.12.3.rel1.win32_1.1.0.202410251130/tools/bin/../lib/gcc/arm-none-eabi/12.3.1/../../../../arm-none-eabi/lib/thumb/v7e-m+fp/hard\libc_nano.a(libc_a-memcpy-stub.o)
                0x0800ac94                memcpy
 *(.glue_7)
 .glue_7        0x0800acb0        0x0 linker stubs
 *(.glue_7t)
 .glue_7t       0x0800acb0        0x0 linker stubs
 *(.eh_frame)
 .eh_frame      0x0800acb0        0x0 C:/ST/STM32CubeIDE_1.17.0/STM32CubeIDE/plugins/com.st.stm32cube.ide.mcu.externaltools.gnu-tools-for-stm32.12.3.rel1.win32_1.1.0.202410251130/tools/bin/../lib/gcc/arm-none-eabi/12.3.1/thumb/v7e-m+fp/hard/crtbegin.o
 *(.init)
 .init          0x0800acb0        0x4 C:/ST/STM32CubeIDE_1.17.0/STM32CubeIDE/plugins/com.st.stm32cube.ide.mcu.externaltools.gnu-tools-for-stm32.12.3.rel1.win32_1.1.0.202410251130/tools/bin/../lib/gcc/arm-none-eabi/12.3.1/thumb/v7e-m+fp/hard/crti.o
                0x0800acb0                _init
 .init          0x0800acb4        0x8 C:/ST/STM32CubeIDE_1.17.0/STM32CubeIDE/plugins/com.st.stm32cube.ide.mcu.externaltools.gnu-tools-for-stm32.12.3.rel1.win32_1.1.0.202410251130/tools/bin/../lib/gcc/arm-none-eabi/12.3.1/thumb/v7e-m+fp/hard/crtn.o
 *(.fini)
 .fini          0x0800acbc        0x4 C:/ST/STM32CubeIDE_1.17.0/STM32CubeIDE/plugins/com.st.stm32cube.ide.mcu.externaltools.gnu-tools-for-stm32.12.3.rel1.win32_1.1.0.202410251130/tools/bin/../lib/gcc/arm-none-eabi/12.3.1/thumb/v7e-m+fp/hard/crti.o
                0x0800acbc                _fini
 .fini          0x0800acc0        0x8 C:/ST/STM32CubeIDE_1.17.0/STM32CubeIDE/plugins/com.st.stm32cube.ide.mcu.externaltools.gnu-tools-for-stm32.12.3.rel1.win32_1.1.0.202410251130/tools/bin/../lib/gcc/arm-none-eabi/12.3.1/thumb/v7e-m+fp/hard/crtn.o
                0x0800acc8                        . = ALIGN (0x4)
                0x0800acc8                        _etext = .

.vfp11_veneer   0x0800acc8        0x0
 .vfp11_veneer  0x0800acc8        0x0 linker stubs

.v4_bx          0x0800acc8        0x0
 .v4_bx         0x0800acc8        0x0 linker stubs

.iplt           0x0800acc8        0x0
 .iplt          0x0800acc8        0x0 C:/ST/STM32CubeIDE_1.17.0/STM32CubeIDE/plugins/com.st.stm32cube.ide.mcu.externaltools.gnu-tools-for-stm32.12.3.rel1.win32_1.1.0.202410251130/tools/bin/../lib/gcc/arm-none-eabi/12.3.1/thumb/v7e-m+fp/hard/crtbegin.o

.rodata         0x0800acc8       0x60
                0x0800acc8                        . = ALIGN (0x4)
 *(.rodata)
 .rodata        0x0800acc8       0x46 ./USB_DEVICE/App/usbd_desc.o
 *(.rodata*)
 *fill*         0x0800ad0e        0x2 
 .rodata.AHBPrescTable
                0x0800ad10       0x10 ./Core/Src/system_stm32f4xx.o
                0x0800ad10                AHBPrescTable
 .rodata.flagBitshiftOffset.0
                0x0800ad20        0x8 ./Drivers/STM32F4xx_HAL_Driver/Src/stm32f4xx_hal_dma.o
                0x0800ad28                        . = ALIGN (0x4)

.ARM.extab      0x0800ad28        0x0
                0x0800ad28                        . = ALIGN (0x4)
 *(.ARM.extab* .gnu.linkonce.armextab.*)
                0x0800ad28                        . = ALIGN (0x4)

.ARM            0x0800ad28        0x8
                0x0800ad28                        . = ALIGN (0x4)
                0x0800ad28                        __exidx_start = .
 *(.ARM.exidx*)
 .ARM.exidx     0x0800ad28        0x8 C:/ST/STM32CubeIDE_1.17.0/STM32CubeIDE/plugins/com.st.stm32cube.ide.mcu.externaltools.gnu-tools-for-stm32.12.3.rel1.win32_1.1.0.202410251130/tools/bin/../lib/gcc/arm-none-eabi/12.3.1/thumb/v7e-m+fp/hard\libgcc.a(_udivmoddi4.o)
                0x0800ad30                        __exidx_end = .
                0x0800ad30                        . = ALIGN (0x4)

.preinit_array  0x0800ad30        0x0
                0x0800ad30                        . = ALIGN (0x4)
                0x0800ad30                        PROVIDE (__preinit_array_start = .)
 *(.preinit_array*)
                0x0800ad30                        PROVIDE (__preinit_array_end = .)
                0x0800ad30                        . = ALIGN (0x4)

.init_array     0x0800ad30        0x4
                0x0800ad30                        . = ALIGN (0x4)
                0x0800ad30                        PROVIDE (__init_array_start = .)
 *(SORT_BY_NAME(.init_array.*))
 *(.init_array*)
 .init_array    0x0800ad30        0x4 C:/ST/STM32CubeIDE_1.17.0/STM32CubeIDE/plugins/com.st.stm32cube.ide.mcu.externaltools.gnu-tools-for-stm32.12.3.rel1.win32_1.1.0.202410251130/tools/bin/../lib/gcc/arm-none-eabi/12.3.1/thumb/v7e-m+fp/hard/crtbegin.o
                0x0800ad34                        PROVIDE (__init_array_end = .)
                0x0800ad34                        . = ALIGN (0x4)

.fini_array     0x0800ad34        0x4
                0x0800ad34                        . = ALIGN (0x4)
                [!provide]                        PROVIDE (__fini_array_start = .)
 *(SORT_BY_NAME(.fini_array.*))
 *(.fini_array*)
 .fini_array    0x0800ad34        0x4 C:/ST/STM32CubeIDE_1.17.0/STM32CubeIDE/plugins/com.st.stm32cube.ide.mcu.externaltools.gnu-tools-for-stm32.12.3.rel1.win32_1.1.0.202410251130/tools/bin/../lib/gcc/arm-none-eabi/12.3.1/thumb/v7e-m+fp/hard/crtbegin.o
                [!provide]                        PROVIDE (__fini_array_end = .)
                0x0800ad38                        . = ALIGN (0x4)
                0x0800ad38                        _sidata = LOADADDR (.data)

.rel.dyn        0x0800ad38        0x0
 .rel.iplt      0x0800ad38        0x0 C:/ST/STM32CubeIDE_1.17.0/STM32CubeIDE/plugins/com.st.stm32cube.ide.mcu.externaltools.gnu-tools-for-stm32.12.3.rel1.win32_1.1.0.202410251130/tools/bin/../lib/gcc/arm-none-eabi/12.3.1/thumb/v7e-m+fp/hard/crtbegin.o

.data           0x20000000      0x324 load address 0x0800ad38
                0x20000000                        . = ALIGN (0x4)
                0x20000000                        _sdata = .
 *(.data)
 *(.data*)
 .data.set      0x20000000        0x1 ./Core/Src/main.o
                0x20000000                set
 *fill*         0x20000001        0x3 
 .data.diametro_rueda
                0x20000004        0x4 ./Core/Src/main.o
                0x20000004                diametro_rueda
 .data.fir_coeffs
                0x20000008       0x28 ./Core/Src/main.o
                0x20000008                fir_coeffs
 .data.distancias_mm
                0x20000030       0xa4 ./Core/Src/main.o
                0x20000030                distancias_mm
 .data.num_puntos
                0x200000d4        0x4 ./Core/Src/main.o
                0x200000d4                num_puntos
 .data.adc_sensor1
                0x200000d8       0x52 ./Core/Src/main.o
                0x200000d8                adc_sensor1
 *fill*         0x2000012a        0x2 
 .data.adc_sensor2
                0x2000012c       0x52 ./Core/Src/main.o
                0x2000012c                adc_sensor2
 *fill*         0x2000017e        0x2 
 .data.adc_sensor3
                0x20000180       0x52 ./Core/Src/main.o
                0x20000180                adc_sensor3
 *fill*         0x200001d2        0x2 
 .data.adc_sensor4
                0x200001d4       0x52 ./Core/Src/main.o
                0x200001d4                adc_sensor4
 *fill*         0x20000226        0x2 
 .data.SystemCoreClock
                0x20000228        0x4 ./Core/Src/system_stm32f4xx.o
                0x20000228                SystemCoreClock
 .data.uwTickPrio
                0x2000022c        0x4 ./Drivers/STM32F4xx_HAL_Driver/Src/stm32f4xx_hal.o
                0x2000022c                uwTickPrio
 .data.uwTickFreq
                0x20000230        0x1 ./Drivers/STM32F4xx_HAL_Driver/Src/stm32f4xx_hal.o
                0x20000230                uwTickFreq
 *fill*         0x20000231        0x3 
 .data.USBD_CDC_DeviceQualifierDesc
                0x20000234        0xa ./Middlewares/ST/STM32_USB_Device_Library/Class/CDC/Src/usbd_cdc.o
 *fill*         0x2000023e        0x2 
 .data.USBD_CDC
                0x20000240       0x38 ./Middlewares/ST/STM32_USB_Device_Library/Class/CDC/Src/usbd_cdc.o
                0x20000240                USBD_CDC
 .data.USBD_CDC_CfgDesc
                0x20000278       0x43 ./Middlewares/ST/STM32_USB_Device_Library/Class/CDC/Src/usbd_cdc.o
 .data.CDCInEpAdd
                0x200002bb        0x1 ./Middlewares/ST/STM32_USB_Device_Library/Class/CDC/Src/usbd_cdc.o
 .data.CDCOutEpAdd
                0x200002bc        0x1 ./Middlewares/ST/STM32_USB_Device_Library/Class/CDC/Src/usbd_cdc.o
 .data.CDCCmdEpAdd
                0x200002bd        0x1 ./Middlewares/ST/STM32_USB_Device_Library/Class/CDC/Src/usbd_cdc.o
 *fill*         0x200002be        0x2 
 .data.USBD_Interface_fops_FS
                0x200002c0       0x14 ./USB_DEVICE/App/usbd_cdc_if.o
                0x200002c0                USBD_Interface_fops_FS
 .data.FS_Desc  0x200002d4       0x1c ./USB_DEVICE/App/usbd_desc.o
                0x200002d4                FS_Desc
 .data.USBD_FS_DeviceDesc
                0x200002f0       0x12 ./USB_DEVICE/App/usbd_desc.o
                0x200002f0                USBD_FS_DeviceDesc
 *fill*         0x20000302        0x2 
 .data.USBD_LangIDDesc
                0x20000304        0x4 ./USB_DEVICE/App/usbd_desc.o
                0x20000304                USBD_LangIDDesc
 .data.USBD_StringSerial
                0x20000308       0x1a ./USB_DEVICE/App/usbd_desc.o
                0x20000308                USBD_StringSerial
 *(.RamFunc)
 *(.RamFunc*)
                0x20000324                        . = ALIGN (0x4)
 *fill*         0x20000322        0x2 
                0x20000324                        _edata = .

.igot.plt       0x20000324        0x0 load address 0x0800b05c
 .igot.plt      0x20000324        0x0 C:/ST/STM32CubeIDE_1.17.0/STM32CubeIDE/plugins/com.st.stm32cube.ide.mcu.externaltools.gnu-tools-for-stm32.12.3.rel1.win32_1.1.0.202410251130/tools/bin/../lib/gcc/arm-none-eabi/12.3.1/thumb/v7e-m+fp/hard/crtbegin.o
                0x20000324                        . = ALIGN (0x4)

.bss            0x20000324     0x1fd0 load address 0x0800b05c
                0x20000324                        _sbss = .
                0x20000324                        __bss_start__ = _sbss
 *(.bss)
 .bss           0x20000324       0x1c C:/ST/STM32CubeIDE_1.17.0/STM32CubeIDE/plugins/com.st.stm32cube.ide.mcu.externaltools.gnu-tools-for-stm32.12.3.rel1.win32_1.1.0.202410251130/tools/bin/../lib/gcc/arm-none-eabi/12.3.1/thumb/v7e-m+fp/hard/crtbegin.o
 *(.bss*)
 .bss.hadc1     0x20000340       0x48 ./Core/Src/main.o
                0x20000340                hadc1
 .bss.hdma_adc1
                0x20000388       0x60 ./Core/Src/main.o
                0x20000388                hdma_adc1
 .bss.htim2     0x200003e8       0x48 ./Core/Src/main.o
                0x200003e8                htim2
 .bss.htim3     0x20000430       0x48 ./Core/Src/main.o
                0x20000430                htim3
 .bss.htim4     0x20000478       0x48 ./Core/Src/main.o
                0x20000478                htim4
 .bss.htim5     0x200004c0       0x48 ./Core/Src/main.o
                0x200004c0                htim5
 .bss.htim9     0x20000508       0x48 ./Core/Src/main.o
                0x20000508                htim9
 .bss.buffer    0x20000550       0x3f ./Core/Src/main.o
                0x20000550                buffer
 *fill*         0x2000058f        0x1 
 .bss.rpm       0x20000590        0x2 ./Core/Src/main.o
                0x20000590                rpm
 *fill*         0x20000592        0x2 
 .bss.pulsos    0x20000594        0x4 ./Core/Src/main.o
                0x20000594                pulsos
 .bss.tiempo    0x20000598        0x4 ./Core/Src/main.o
                0x20000598                tiempo
 .bss.pwm_mm    0x2000059c        0x2 ./Core/Src/main.o
                0x2000059c                pwm_mm
 *fill*         0x2000059e        0x2 
 .bss.val_pwm   0x200005a0        0x4 ./Core/Src/main.o
                0x200005a0                val_pwm
 .bss.pulsos_ant
                0x200005a4        0x4 ./Core/Src/main.o
                0x200005a4                pulsos_ant
 .bss.pulsos_act
                0x200005a8        0x4 ./Core/Src/main.o
                0x200005a8                pulsos_act
 .bss.contador  0x200005ac        0x4 ./Core/Src/main.o
                0x200005ac                contador
 .bss.rpm_f     0x200005b0        0x2 ./Core/Src/main.o
                0x200005b0                rpm_f
 .bss.velocidad_mm_s
                0x200005b2        0x2 ./Core/Src/main.o
                0x200005b2                velocidad_mm_s
 .bss.velocidad_rad_s
                0x200005b4        0x2 ./Core/Src/main.o
                0x200005b4                velocidad_rad_s
 *fill*         0x200005b6        0x2 
 .bss.valor     0x200005b8        0x4 ./Core/Src/main.o
                0x200005b8                valor
 .bss.vel_mm_s  0x200005bc        0x2 ./Core/Src/main.o
                0x200005bc                vel_mm_s
 .bss.velocidad_motor
                0x200005be        0x1 ./Core/Src/main.o
                0x200005be                velocidad_motor
 *fill*         0x200005bf        0x1 
 .bss.rpm_buffer
                0x200005c0       0x28 ./Core/Src/main.o
                0x200005c0                rpm_buffer
 .bss.buffer_index
                0x200005e8        0x4 ./Core/Src/main.o
                0x200005e8                buffer_index
 .bss.contador_actual
                0x200005ec        0x4 ./Core/Src/main.o
                0x200005ec                contador_actual
 .bss.voltaje_float
                0x200005f0        0x4 ./Core/Src/main.o
                0x200005f0                voltaje_float
 .bss.datosTX   0x200005f4       0x44 ./Core/Src/main.o
                0x200005f4                datosTX
 .bss.indexRX   0x20000638        0x1 ./Core/Src/main.o
                0x20000638                indexRX
 *fill*         0x20000639        0x3 
 .bss.datosRX   0x2000063c        0xf ./Core/Src/main.o
                0x2000063c                datosRX
 *fill*         0x2000064b        0x1 
 .bss.adcValue  0x2000064c        0xa ./Core/Src/main.o
                0x2000064c                adcValue
 *fill*         0x20000656        0x2 
 .bss.adcMM     0x20000658        0xa ./Core/Src/main.o
                0x20000658                adcMM
 *fill*         0x20000662        0x2 
 .bss.adcVoltaje
                0x20000664       0x14 ./Core/Src/main.o
                0x20000664                adcVoltaje
 .bss.adc_buffer
                0x20000678       0x64 ./Core/Src/main.o
                0x20000678                adc_buffer
 .bss.adc_buffer_index
                0x200006dc        0x1 ./Core/Src/main.o
                0x200006dc                adc_buffer_index
 *fill*         0x200006dd        0x3 
 .bss.adc_avg   0x200006e0       0x14 ./Core/Src/main.o
                0x200006e0                adc_avg
 .bss.muestras  0x200006f4        0x1 ./Core/Src/main.o
                0x200006f4                muestras
 *fill*         0x200006f5        0x3 
 .bss.pk1       0x200006f8        0xc ./Core/Src/main.o
                0x200006f8                pk1
 .bss.abc       0x20000704        0x4 ./Core/Src/main.o
                0x20000704                abc
 .bss.timmotorGlobal
                0x20000708        0x4 ./Core/Src/motorDriver.o
                0x20000708                timmotorGlobal
 .bss.uwTick    0x2000070c        0x4 ./Drivers/STM32F4xx_HAL_Driver/Src/stm32f4xx_hal.o
                0x2000070c                uwTick
 .bss.cfgidx.0  0x20000710        0x1 ./Middlewares/ST/STM32_USB_Device_Library/Core/Src/usbd_ctlreq.o
 *fill*         0x20000711        0x3 
 .bss.hUsbDeviceFS
                0x20000714      0x2dc ./USB_DEVICE/App/usb_device.o
                0x20000714                hUsbDeviceFS
 .bss.UserRxBufferFS
                0x200009f0      0x800 ./USB_DEVICE/App/usbd_cdc_if.o
                0x200009f0                UserRxBufferFS
 .bss.UserTxBufferFS
                0x200011f0      0x800 ./USB_DEVICE/App/usbd_cdc_if.o
                0x200011f0                UserTxBufferFS
 .bss.USBD_StrDesc
                0x200019f0      0x200 ./USB_DEVICE/App/usbd_desc.o
                0x200019f0                USBD_StrDesc
 .bss.hpcd_USB_OTG_FS
                0x20001bf0      0x4e4 ./USB_DEVICE/Target/usbd_conf.o
                0x20001bf0                hpcd_USB_OTG_FS
 .bss.mem.0     0x200020d4      0x220 ./USB_DEVICE/Target/usbd_conf.o
 *(COMMON)
                0x200022f4                        . = ALIGN (0x4)
                0x200022f4                        _ebss = .
                0x200022f4                        __bss_end__ = _ebss

._user_heap_stack
                0x200022f4      0x604 load address 0x0800b05c
                0x200022f8                        . = ALIGN (0x8)
 *fill*         0x200022f4        0x4 
                [!provide]                        PROVIDE (end = .)
                0x200022f8                        PROVIDE (_end = .)
                0x200024f8                        . = (. + _Min_Heap_Size)
 *fill*         0x200022f8      0x200 
                0x200028f8                        . = (. + _Min_Stack_Size)
 *fill*         0x200024f8      0x400 
                0x200028f8                        . = ALIGN (0x8)

/DISCARD/
 libc.a(*)
 libm.a(*)
 libgcc.a(*)

.ARM.attributes
                0x00000000       0x30
 *(.ARM.attributes)
 .ARM.attributes
                0x00000000       0x22 C:/ST/STM32CubeIDE_1.17.0/STM32CubeIDE/plugins/com.st.stm32cube.ide.mcu.externaltools.gnu-tools-for-stm32.12.3.rel1.win32_1.1.0.202410251130/tools/bin/../lib/gcc/arm-none-eabi/12.3.1/thumb/v7e-m+fp/hard/crti.o
 .ARM.attributes
                0x00000022       0x34 C:/ST/STM32CubeIDE_1.17.0/STM32CubeIDE/plugins/com.st.stm32cube.ide.mcu.externaltools.gnu-tools-for-stm32.12.3.rel1.win32_1.1.0.202410251130/tools/bin/../lib/gcc/arm-none-eabi/12.3.1/thumb/v7e-m+fp/hard/crtbegin.o
 .ARM.attributes
                0x00000056       0x34 ./Core/Src/main.o
 .ARM.attributes
                0x0000008a       0x34 ./Core/Src/motorDriver.o
 .ARM.attributes
                0x000000be       0x34 ./Core/Src/stm32f4xx_hal_msp.o
 .ARM.attributes
                0x000000f2       0x34 ./Core/Src/stm32f4xx_it.o
 .ARM.attributes
                0x00000126       0x34 ./Core/Src/system_stm32f4xx.o
 .ARM.attributes
                0x0000015a       0x21 ./Core/Startup/startup_stm32f411ceux.o
 .ARM.attributes
                0x0000017b       0x34 ./Drivers/STM32F4xx_HAL_Driver/Src/stm32f4xx_hal.o
 .ARM.attributes
                0x000001af       0x34 ./Drivers/STM32F4xx_HAL_Driver/Src/stm32f4xx_hal_adc.o
 .ARM.attributes
                0x000001e3       0x34 ./Drivers/STM32F4xx_HAL_Driver/Src/stm32f4xx_hal_cortex.o
 .ARM.attributes
                0x00000217       0x34 ./Drivers/STM32F4xx_HAL_Driver/Src/stm32f4xx_hal_dma.o
 .ARM.attributes
                0x0000024b       0x34 ./Drivers/STM32F4xx_HAL_Driver/Src/stm32f4xx_hal_gpio.o
 .ARM.attributes
                0x0000027f       0x34 ./Drivers/STM32F4xx_HAL_Driver/Src/stm32f4xx_hal_pcd.o
 .ARM.attributes
                0x000002b3       0x34 ./Drivers/STM32F4xx_HAL_Driver/Src/stm32f4xx_hal_pcd_ex.o
 .ARM.attributes
                0x000002e7       0x34 ./Drivers/STM32F4xx_HAL_Driver/Src/stm32f4xx_hal_rcc.o
 .ARM.attributes
                0x0000031b       0x34 ./Drivers/STM32F4xx_HAL_Driver/Src/stm32f4xx_hal_tim.o
 .ARM.attributes
                0x0000034f       0x34 ./Drivers/STM32F4xx_HAL_Driver/Src/stm32f4xx_hal_tim_ex.o
 .ARM.attributes
                0x00000383       0x34 ./Drivers/STM32F4xx_HAL_Driver/Src/stm32f4xx_ll_usb.o
 .ARM.attributes
                0x000003b7       0x34 ./Middlewares/ST/STM32_USB_Device_Library/Class/CDC/Src/usbd_cdc.o
 .ARM.attributes
                0x000003eb       0x34 ./Middlewares/ST/STM32_USB_Device_Library/Core/Src/usbd_core.o
 .ARM.attributes
                0x0000041f       0x34 ./Middlewares/ST/STM32_USB_Device_Library/Core/Src/usbd_ctlreq.o
 .ARM.attributes
                0x00000453       0x34 ./Middlewares/ST/STM32_USB_Device_Library/Core/Src/usbd_ioreq.o
 .ARM.attributes
                0x00000487       0x34 ./USB_DEVICE/App/usb_device.o
 .ARM.attributes
                0x000004bb       0x34 ./USB_DEVICE/App/usbd_cdc_if.o
 .ARM.attributes
                0x000004ef       0x34 ./USB_DEVICE/App/usbd_desc.o
 .ARM.attributes
                0x00000523       0x34 ./USB_DEVICE/Target/usbd_conf.o
 .ARM.attributes
                0x00000557       0x34 C:/ST/STM32CubeIDE_1.17.0/STM32CubeIDE/plugins/com.st.stm32cube.ide.mcu.externaltools.gnu-tools-for-stm32.12.3.rel1.win32_1.1.0.202410251130/tools/bin/../lib/gcc/arm-none-eabi/12.3.1/../../../../arm-none-eabi/lib/thumb/v7e-m+fp/hard\libc_nano.a(libc_a-memset.o)
 .ARM.attributes
                0x0000058b       0x34 C:/ST/STM32CubeIDE_1.17.0/STM32CubeIDE/plugins/com.st.stm32cube.ide.mcu.externaltools.gnu-tools-for-stm32.12.3.rel1.win32_1.1.0.202410251130/tools/bin/../lib/gcc/arm-none-eabi/12.3.1/../../../../arm-none-eabi/lib/thumb/v7e-m+fp/hard\libc_nano.a(libc_a-init.o)
 .ARM.attributes
                0x000005bf       0x34 C:/ST/STM32CubeIDE_1.17.0/STM32CubeIDE/plugins/com.st.stm32cube.ide.mcu.externaltools.gnu-tools-for-stm32.12.3.rel1.win32_1.1.0.202410251130/tools/bin/../lib/gcc/arm-none-eabi/12.3.1/../../../../arm-none-eabi/lib/thumb/v7e-m+fp/hard\libc_nano.a(libc_a-memcpy-stub.o)
 .ARM.attributes
                0x000005f3       0x22 C:/ST/STM32CubeIDE_1.17.0/STM32CubeIDE/plugins/com.st.stm32cube.ide.mcu.externaltools.gnu-tools-for-stm32.12.3.rel1.win32_1.1.0.202410251130/tools/bin/../lib/gcc/arm-none-eabi/12.3.1/thumb/v7e-m+fp/hard\libgcc.a(_arm_addsubdf3.o)
 .ARM.attributes
                0x00000615       0x22 C:/ST/STM32CubeIDE_1.17.0/STM32CubeIDE/plugins/com.st.stm32cube.ide.mcu.externaltools.gnu-tools-for-stm32.12.3.rel1.win32_1.1.0.202410251130/tools/bin/../lib/gcc/arm-none-eabi/12.3.1/thumb/v7e-m+fp/hard\libgcc.a(_arm_muldivdf3.o)
 .ARM.attributes
                0x00000637       0x22 C:/ST/STM32CubeIDE_1.17.0/STM32CubeIDE/plugins/com.st.stm32cube.ide.mcu.externaltools.gnu-tools-for-stm32.12.3.rel1.win32_1.1.0.202410251130/tools/bin/../lib/gcc/arm-none-eabi/12.3.1/thumb/v7e-m+fp/hard\libgcc.a(_arm_fixdfsi.o)
 .ARM.attributes
                0x00000659       0x22 C:/ST/STM32CubeIDE_1.17.0/STM32CubeIDE/plugins/com.st.stm32cube.ide.mcu.externaltools.gnu-tools-for-stm32.12.3.rel1.win32_1.1.0.202410251130/tools/bin/../lib/gcc/arm-none-eabi/12.3.1/thumb/v7e-m+fp/hard\libgcc.a(_arm_truncdfsf2.o)
 .ARM.attributes
                0x0000067b       0x22 C:/ST/STM32CubeIDE_1.17.0/STM32CubeIDE/plugins/com.st.stm32cube.ide.mcu.externaltools.gnu-tools-for-stm32.12.3.rel1.win32_1.1.0.202410251130/tools/bin/../lib/gcc/arm-none-eabi/12.3.1/thumb/v7e-m+fp/hard\libgcc.a(_aeabi_uldivmod.o)
 .ARM.attributes
                0x0000069d       0x34 C:/ST/STM32CubeIDE_1.17.0/STM32CubeIDE/plugins/com.st.stm32cube.ide.mcu.externaltools.gnu-tools-for-stm32.12.3.rel1.win32_1.1.0.202410251130/tools/bin/../lib/gcc/arm-none-eabi/12.3.1/thumb/v7e-m+fp/hard\libgcc.a(_udivmoddi4.o)
 .ARM.attributes
                0x000006d1       0x22 C:/ST/STM32CubeIDE_1.17.0/STM32CubeIDE/plugins/com.st.stm32cube.ide.mcu.externaltools.gnu-tools-for-stm32.12.3.rel1.win32_1.1.0.202410251130/tools/bin/../lib/gcc/arm-none-eabi/12.3.1/thumb/v7e-m+fp/hard\libgcc.a(_dvmd_tls.o)
 .ARM.attributes
                0x000006f3       0x22 C:/ST/STM32CubeIDE_1.17.0/STM32CubeIDE/plugins/com.st.stm32cube.ide.mcu.externaltools.gnu-tools-for-stm32.12.3.rel1.win32_1.1.0.202410251130/tools/bin/../lib/gcc/arm-none-eabi/12.3.1/thumb/v7e-m+fp/hard/crtn.o
OUTPUT(Laboratorio 6.elf elf32-littlearm)
LOAD linker stubs
LOAD C:/ST/STM32CubeIDE_1.17.0/STM32CubeIDE/plugins/com.st.stm32cube.ide.mcu.externaltools.gnu-tools-for-stm32.12.3.rel1.win32_1.1.0.202410251130/tools/bin/../lib/gcc/arm-none-eabi/12.3.1/../../../../arm-none-eabi/lib/thumb/v7e-m+fp/hard\libc.a
LOAD C:/ST/STM32CubeIDE_1.17.0/STM32CubeIDE/plugins/com.st.stm32cube.ide.mcu.externaltools.gnu-tools-for-stm32.12.3.rel1.win32_1.1.0.202410251130/tools/bin/../lib/gcc/arm-none-eabi/12.3.1/../../../../arm-none-eabi/lib/thumb/v7e-m+fp/hard\libm.a
LOAD C:/ST/STM32CubeIDE_1.17.0/STM32CubeIDE/plugins/com.st.stm32cube.ide.mcu.externaltools.gnu-tools-for-stm32.12.3.rel1.win32_1.1.0.202410251130/tools/bin/../lib/gcc/arm-none-eabi/12.3.1/thumb/v7e-m+fp/hard\libgcc.a

.debug_info     0x00000000    0x1579d
 .debug_info    0x00000000     0x1fbd ./Core/Src/main.o
 .debug_info    0x00001fbd      0x7f2 ./Core/Src/motorDriver.o
 .debug_info    0x000027af      0xeb3 ./Core/Src/stm32f4xx_hal_msp.o
 .debug_info    0x00003662      0x897 ./Core/Src/stm32f4xx_it.o
 .debug_info    0x00003ef9      0x53e ./Core/Src/system_stm32f4xx.o
 .debug_info    0x00004437       0x30 ./Core/Startup/startup_stm32f411ceux.o
 .debug_info    0x00004467      0x8c4 ./Drivers/STM32F4xx_HAL_Driver/Src/stm32f4xx_hal.o
 .debug_info    0x00004d2b      0xcd1 ./Drivers/STM32F4xx_HAL_Driver/Src/stm32f4xx_hal_adc.o
 .debug_info    0x000059fc      0xcfc ./Drivers/STM32F4xx_HAL_Driver/Src/stm32f4xx_hal_cortex.o
 .debug_info    0x000066f8      0x8e6 ./Drivers/STM32F4xx_HAL_Driver/Src/stm32f4xx_hal_dma.o
 .debug_info    0x00006fde      0x6f9 ./Drivers/STM32F4xx_HAL_Driver/Src/stm32f4xx_hal_gpio.o
 .debug_info    0x000076d7     0x1577 ./Drivers/STM32F4xx_HAL_Driver/Src/stm32f4xx_hal_pcd.o
 .debug_info    0x00008c4e      0x6ea ./Drivers/STM32F4xx_HAL_Driver/Src/stm32f4xx_hal_pcd_ex.o
 .debug_info    0x00009338      0x8f0 ./Drivers/STM32F4xx_HAL_Driver/Src/stm32f4xx_hal_rcc.o
 .debug_info    0x00009c28     0x2996 ./Drivers/STM32F4xx_HAL_Driver/Src/stm32f4xx_hal_tim.o
 .debug_info    0x0000c5be     0x14d4 ./Drivers/STM32F4xx_HAL_Driver/Src/stm32f4xx_hal_tim_ex.o
 .debug_info    0x0000da92     0x1993 ./Drivers/STM32F4xx_HAL_Driver/Src/stm32f4xx_ll_usb.o
 .debug_info    0x0000f425     0x12a3 ./Middlewares/ST/STM32_USB_Device_Library/Class/CDC/Src/usbd_cdc.o
 .debug_info    0x000106c8      0xe05 ./Middlewares/ST/STM32_USB_Device_Library/Core/Src/usbd_core.o
 .debug_info    0x000114cd      0xade ./Middlewares/ST/STM32_USB_Device_Library/Core/Src/usbd_ctlreq.o
 .debug_info    0x00011fab      0x755 ./Middlewares/ST/STM32_USB_Device_Library/Core/Src/usbd_ioreq.o
 .debug_info    0x00012700      0x701 ./USB_DEVICE/App/usb_device.o
 .debug_info    0x00012e01      0x93f ./USB_DEVICE/App/usbd_cdc_if.o
 .debug_info    0x00013740      0x458 ./USB_DEVICE/App/usbd_desc.o
 .debug_info    0x00013b98     0x1c05 ./USB_DEVICE/Target/usbd_conf.o

.debug_abbrev   0x00000000     0x38ac
 .debug_abbrev  0x00000000      0x415 ./Core/Src/main.o
 .debug_abbrev  0x00000415      0x1cd ./Core/Src/motorDriver.o
 .debug_abbrev  0x000005e2      0x26d ./Core/Src/stm32f4xx_hal_msp.o
 .debug_abbrev  0x0000084f      0x1bf ./Core/Src/stm32f4xx_it.o
 .debug_abbrev  0x00000a0e      0x11a ./Core/Src/system_stm32f4xx.o
 .debug_abbrev  0x00000b28       0x24 ./Core/Startup/startup_stm32f411ceux.o
 .debug_abbrev  0x00000b4c      0x24b ./Drivers/STM32F4xx_HAL_Driver/Src/stm32f4xx_hal.o
 .debug_abbrev  0x00000d97      0x20e ./Drivers/STM32F4xx_HAL_Driver/Src/stm32f4xx_hal_adc.o
 .debug_abbrev  0x00000fa5      0x31d ./Drivers/STM32F4xx_HAL_Driver/Src/stm32f4xx_hal_cortex.o
 .debug_abbrev  0x000012c2      0x221 ./Drivers/STM32F4xx_HAL_Driver/Src/stm32f4xx_hal_dma.o
 .debug_abbrev  0x000014e3      0x1d3 ./Drivers/STM32F4xx_HAL_Driver/Src/stm32f4xx_hal_gpio.o
 .debug_abbrev  0x000016b6      0x2b6 ./Drivers/STM32F4xx_HAL_Driver/Src/stm32f4xx_hal_pcd.o
 .debug_abbrev  0x0000196c      0x1da ./Drivers/STM32F4xx_HAL_Driver/Src/stm32f4xx_hal_pcd_ex.o
 .debug_abbrev  0x00001b46      0x2b6 ./Drivers/STM32F4xx_HAL_Driver/Src/stm32f4xx_hal_rcc.o
 .debug_abbrev  0x00001dfc      0x28b ./Drivers/STM32F4xx_HAL_Driver/Src/stm32f4xx_hal_tim.o
 .debug_abbrev  0x00002087      0x296 ./Drivers/STM32F4xx_HAL_Driver/Src/stm32f4xx_hal_tim_ex.o
 .debug_abbrev  0x0000231d      0x2b3 ./Drivers/STM32F4xx_HAL_Driver/Src/stm32f4xx_ll_usb.o
 .debug_abbrev  0x000025d0      0x2d2 ./Middlewares/ST/STM32_USB_Device_Library/Class/CDC/Src/usbd_cdc.o
 .debug_abbrev  0x000028a2      0x27c ./Middlewares/ST/STM32_USB_Device_Library/Core/Src/usbd_core.o
 .debug_abbrev  0x00002b1e      0x26f ./Middlewares/ST/STM32_USB_Device_Library/Core/Src/usbd_ctlreq.o
 .debug_abbrev  0x00002d8d      0x19a ./Middlewares/ST/STM32_USB_Device_Library/Core/Src/usbd_ioreq.o
 .debug_abbrev  0x00002f27      0x195 ./USB_DEVICE/App/usb_device.o
 .debug_abbrev  0x000030bc      0x2d0 ./USB_DEVICE/App/usbd_cdc_if.o
 .debug_abbrev  0x0000338c      0x1e1 ./USB_DEVICE/App/usbd_desc.o
 .debug_abbrev  0x0000356d      0x33f ./USB_DEVICE/Target/usbd_conf.o

.debug_aranges  0x00000000     0x1328
 .debug_aranges
                0x00000000       0xf0 ./Core/Src/main.o
 .debug_aranges
                0x000000f0       0x28 ./Core/Src/motorDriver.o
 .debug_aranges
                0x00000118       0x58 ./Core/Src/stm32f4xx_hal_msp.o
 .debug_aranges
                0x00000170       0x70 ./Core/Src/stm32f4xx_it.o
 .debug_aranges
                0x000001e0       0x28 ./Core/Src/system_stm32f4xx.o
 .debug_aranges
                0x00000208       0x28 ./Core/Startup/startup_stm32f411ceux.o
 .debug_aranges
                0x00000230       0xf0 ./Drivers/STM32F4xx_HAL_Driver/Src/stm32f4xx_hal.o
 .debug_aranges
                0x00000320       0xe8 ./Drivers/STM32F4xx_HAL_Driver/Src/stm32f4xx_hal_adc.o
 .debug_aranges
                0x00000408      0x130 ./Drivers/STM32F4xx_HAL_Driver/Src/stm32f4xx_hal_cortex.o
 .debug_aranges
                0x00000538       0x90 ./Drivers/STM32F4xx_HAL_Driver/Src/stm32f4xx_hal_dma.o
 .debug_aranges
                0x000005c8       0x58 ./Drivers/STM32F4xx_HAL_Driver/Src/stm32f4xx_hal_gpio.o
 .debug_aranges
                0x00000620      0x148 ./Drivers/STM32F4xx_HAL_Driver/Src/stm32f4xx_hal_pcd.o
 .debug_aranges
                0x00000768       0x38 ./Drivers/STM32F4xx_HAL_Driver/Src/stm32f4xx_hal_pcd_ex.o
 .debug_aranges
                0x000007a0       0x88 ./Drivers/STM32F4xx_HAL_Driver/Src/stm32f4xx_hal_rcc.o
 .debug_aranges
                0x00000828      0x3d0 ./Drivers/STM32F4xx_HAL_Driver/Src/stm32f4xx_hal_tim.o
 .debug_aranges
                0x00000bf8      0x168 ./Drivers/STM32F4xx_HAL_Driver/Src/stm32f4xx_hal_tim_ex.o
 .debug_aranges
                0x00000d60      0x1a0 ./Drivers/STM32F4xx_HAL_Driver/Src/stm32f4xx_ll_usb.o
 .debug_aranges
                0x00000f00       0x90 ./Middlewares/ST/STM32_USB_Device_Library/Class/CDC/Src/usbd_cdc.o
 .debug_aranges
                0x00000f90       0xd8 ./Middlewares/ST/STM32_USB_Device_Library/Core/Src/usbd_core.o
 .debug_aranges
                0x00001068       0x90 ./Middlewares/ST/STM32_USB_Device_Library/Core/Src/usbd_ctlreq.o
 .debug_aranges
                0x000010f8       0x50 ./Middlewares/ST/STM32_USB_Device_Library/Core/Src/usbd_ioreq.o
 .debug_aranges
                0x00001148       0x20 ./USB_DEVICE/App/usb_device.o
 .debug_aranges
                0x00001168       0x50 ./USB_DEVICE/App/usbd_cdc_if.o
 .debug_aranges
                0x000011b8       0x60 ./USB_DEVICE/App/usbd_desc.o
 .debug_aranges
                0x00001218      0x110 ./USB_DEVICE/Target/usbd_conf.o

.debug_rnglists
                0x00000000      0xea8
 .debug_rnglists
                0x00000000       0xc3 ./Core/Src/main.o
 .debug_rnglists
                0x000000c3       0x1a ./Core/Src/motorDriver.o
 .debug_rnglists
                0x000000dd       0x41 ./Core/Src/stm32f4xx_hal_msp.o
 .debug_rnglists
                0x0000011e       0x4f ./Core/Src/stm32f4xx_it.o
 .debug_rnglists
                0x0000016d       0x1a ./Core/Src/system_stm32f4xx.o
 .debug_rnglists
                0x00000187       0x19 ./Core/Startup/startup_stm32f411ceux.o
 .debug_rnglists
                0x000001a0       0xaf ./Drivers/STM32F4xx_HAL_Driver/Src/stm32f4xx_hal.o
 .debug_rnglists
                0x0000024f       0xb5 ./Drivers/STM32F4xx_HAL_Driver/Src/stm32f4xx_hal_adc.o
 .debug_rnglists
                0x00000304       0xe0 ./Drivers/STM32F4xx_HAL_Driver/Src/stm32f4xx_hal_cortex.o
 .debug_rnglists
                0x000003e4       0x70 ./Drivers/STM32F4xx_HAL_Driver/Src/stm32f4xx_hal_dma.o
 .debug_rnglists
                0x00000454       0x3f ./Drivers/STM32F4xx_HAL_Driver/Src/stm32f4xx_hal_gpio.o
 .debug_rnglists
                0x00000493       0xfa ./Drivers/STM32F4xx_HAL_Driver/Src/stm32f4xx_hal_pcd.o
 .debug_rnglists
                0x0000058d       0x26 ./Drivers/STM32F4xx_HAL_Driver/Src/stm32f4xx_hal_pcd_ex.o
 .debug_rnglists
                0x000005b3       0x66 ./Drivers/STM32F4xx_HAL_Driver/Src/stm32f4xx_hal_rcc.o
 .debug_rnglists
                0x00000619      0x31a ./Drivers/STM32F4xx_HAL_Driver/Src/stm32f4xx_hal_tim.o
 .debug_rnglists
                0x00000933      0x125 ./Drivers/STM32F4xx_HAL_Driver/Src/stm32f4xx_hal_tim_ex.o
 .debug_rnglists
                0x00000a58      0x147 ./Drivers/STM32F4xx_HAL_Driver/Src/stm32f4xx_ll_usb.o
 .debug_rnglists
                0x00000b9f       0x6c ./Middlewares/ST/STM32_USB_Device_Library/Class/CDC/Src/usbd_cdc.o
 .debug_rnglists
                0x00000c0b       0xa1 ./Middlewares/ST/STM32_USB_Device_Library/Core/Src/usbd_core.o
 .debug_rnglists
                0x00000cac       0x6e ./Middlewares/ST/STM32_USB_Device_Library/Core/Src/usbd_ctlreq.o
 .debug_rnglists
                0x00000d1a       0x37 ./Middlewares/ST/STM32_USB_Device_Library/Core/Src/usbd_ioreq.o
 .debug_rnglists
                0x00000d51       0x13 ./USB_DEVICE/App/usb_device.o
 .debug_rnglists
                0x00000d64       0x38 ./USB_DEVICE/App/usbd_cdc_if.o
 .debug_rnglists
                0x00000d9c       0x43 ./USB_DEVICE/App/usbd_desc.o
 .debug_rnglists
                0x00000ddf       0xc9 ./USB_DEVICE/Target/usbd_conf.o

.debug_macro    0x00000000    0x1a5d4
 .debug_macro   0x00000000      0x3f6 ./Core/Src/main.o
 .debug_macro   0x000003f6      0xab4 ./Core/Src/main.o
 .debug_macro   0x00000eaa      0x2a1 ./Core/Src/main.o
 .debug_macro   0x0000114b       0x2e ./Core/Src/main.o
 .debug_macro   0x00001179       0x28 ./Core/Src/main.o
 .debug_macro   0x000011a1       0x22 ./Core/Src/main.o
 .debug_macro   0x000011c3       0x8e ./Core/Src/main.o
 .debug_macro   0x00001251       0x51 ./Core/Src/main.o
 .debug_macro   0x000012a2      0x103 ./Core/Src/main.o
 .debug_macro   0x000013a5       0x6a ./Core/Src/main.o
 .debug_macro   0x0000140f      0x1df ./Core/Src/main.o
 .debug_macro   0x000015ee       0x1c ./Core/Src/main.o
 .debug_macro   0x0000160a       0x22 ./Core/Src/main.o
 .debug_macro   0x0000162c       0xfb ./Core/Src/main.o
 .debug_macro   0x00001727     0x1011 ./Core/Src/main.o
 .debug_macro   0x00002738      0x11f ./Core/Src/main.o
 .debug_macro   0x00002857     0xb953 ./Core/Src/main.o
 .debug_macro   0x0000e1aa       0x6d ./Core/Src/main.o
 .debug_macro   0x0000e217     0x369a ./Core/Src/main.o
 .debug_macro   0x000118b1      0x189 ./Core/Src/main.o
 .debug_macro   0x00011a3a       0x5c ./Core/Src/main.o
 .debug_macro   0x00011a96      0x45c ./Core/Src/main.o
 .debug_macro   0x00011ef2      0x9e9 ./Core/Src/main.o
 .debug_macro   0x000128db      0x115 ./Core/Src/main.o
 .debug_macro   0x000129f0      0x11b ./Core/Src/main.o
 .debug_macro   0x00012b0b       0xa5 ./Core/Src/main.o
 .debug_macro   0x00012bb0      0x15f ./Core/Src/main.o
 .debug_macro   0x00012d0f      0x287 ./Core/Src/main.o
 .debug_macro   0x00012f96       0x5f ./Core/Src/main.o
 .debug_macro   0x00012ff5      0x236 ./Core/Src/main.o
 .debug_macro   0x0001322b      0x9e1 ./Core/Src/main.o
 .debug_macro   0x00013c0c      0x38b ./Core/Src/main.o
 .debug_macro   0x00013f97      0x17d ./Core/Src/main.o
 .debug_macro   0x00014114       0xf9 ./Core/Src/main.o
 .debug_macro   0x0001420d      0x132 ./Core/Src/main.o
 .debug_macro   0x0001433f      0x264 ./Core/Src/main.o
 .debug_macro   0x000145a3       0x2e ./Core/Src/main.o
 .debug_macro   0x000145d1      0x127 ./Core/Src/main.o
 .debug_macro   0x000146f8       0x85 ./Core/Src/main.o
 .debug_macro   0x0001477d       0x89 ./Core/Src/main.o
 .debug_macro   0x00014806      0x8ed ./Core/Src/main.o
 .debug_macro   0x000150f3       0x47 ./Core/Src/main.o
 .debug_macro   0x0001513a      0x293 ./Core/Src/main.o
 .debug_macro   0x000153cd       0xba ./Core/Src/main.o
 .debug_macro   0x00015487      0x126 ./Core/Src/main.o
 .debug_macro   0x000155ad       0x61 ./Core/Src/main.o
 .debug_macro   0x0001560e       0x2a ./Core/Src/main.o
 .debug_macro   0x00015638       0x43 ./Core/Src/main.o
 .debug_macro   0x0001567b       0x34 ./Core/Src/main.o
 .debug_macro   0x000156af       0x16 ./Core/Src/main.o
 .debug_macro   0x000156c5       0x35 ./Core/Src/main.o
 .debug_macro   0x000156fa      0x369 ./Core/Src/main.o
 .debug_macro   0x00015a63       0x10 ./Core/Src/main.o
 .debug_macro   0x00015a73       0x16 ./Core/Src/main.o
 .debug_macro   0x00015a89       0x43 ./Core/Src/main.o
 .debug_macro   0x00015acc       0x34 ./Core/Src/main.o
 .debug_macro   0x00015b00       0x10 ./Core/Src/main.o
 .debug_macro   0x00015b10       0x58 ./Core/Src/main.o
 .debug_macro   0x00015b68       0x8e ./Core/Src/main.o
 .debug_macro   0x00015bf6       0x1c ./Core/Src/main.o
 .debug_macro   0x00015c12      0x177 ./Core/Src/main.o
 .debug_macro   0x00015d89       0x16 ./Core/Src/main.o
 .debug_macro   0x00015d9f       0x16 ./Core/Src/main.o
 .debug_macro   0x00015db5      0x146 ./Core/Src/main.o
 .debug_macro   0x00015efb       0x16 ./Core/Src/main.o
 .debug_macro   0x00015f11       0x16 ./Core/Src/main.o
 .debug_macro   0x00015f27       0x29 ./Core/Src/main.o
 .debug_macro   0x00015f50       0x16 ./Core/Src/main.o
 .debug_macro   0x00015f66       0x20 ./Core/Src/main.o
 .debug_macro   0x00015f86       0x65 ./Core/Src/main.o
 .debug_macro   0x00015feb      0x20f ./Core/Src/main.o
 .debug_macro   0x000161fa       0x95 ./Core/Src/main.o
 .debug_macro   0x0001628f       0x10 ./Core/Src/main.o
 .debug_macro   0x0001629f      0x19b ./Core/Src/main.o
 .debug_macro   0x0001643a      0x224 ./Core/Src/motorDriver.o
 .debug_macro   0x0001665e      0x21a ./Core/Src/stm32f4xx_hal_msp.o
 .debug_macro   0x00016878      0x224 ./Core/Src/stm32f4xx_it.o
 .debug_macro   0x00016a9c      0x210 ./Core/Src/system_stm32f4xx.o
 .debug_macro   0x00016cac      0x270 ./Drivers/STM32F4xx_HAL_Driver/Src/stm32f4xx_hal.o
 .debug_macro   0x00016f1c      0x211 ./Drivers/STM32F4xx_HAL_Driver/Src/stm32f4xx_hal_adc.o
 .debug_macro   0x0001712d      0x210 ./Drivers/STM32F4xx_HAL_Driver/Src/stm32f4xx_hal_cortex.o
 .debug_macro   0x0001733d      0x216 ./Drivers/STM32F4xx_HAL_Driver/Src/stm32f4xx_hal_dma.o
 .debug_macro   0x00017553      0x216 ./Drivers/STM32F4xx_HAL_Driver/Src/stm32f4xx_hal_gpio.o
 .debug_macro   0x00017769      0x21c ./Drivers/STM32F4xx_HAL_Driver/Src/stm32f4xx_hal_pcd.o
 .debug_macro   0x00017985      0x210 ./Drivers/STM32F4xx_HAL_Driver/Src/stm32f4xx_hal_pcd_ex.o
 .debug_macro   0x00017b95      0x234 ./Drivers/STM32F4xx_HAL_Driver/Src/stm32f4xx_hal_rcc.o
 .debug_macro   0x00017dc9      0x211 ./Drivers/STM32F4xx_HAL_Driver/Src/stm32f4xx_hal_tim.o
 .debug_macro   0x00017fda      0x210 ./Drivers/STM32F4xx_HAL_Driver/Src/stm32f4xx_hal_tim_ex.o
 .debug_macro   0x000181ea      0x210 ./Drivers/STM32F4xx_HAL_Driver/Src/stm32f4xx_ll_usb.o
 .debug_macro   0x000183fa      0x3a9 ./Middlewares/ST/STM32_USB_Device_Library/Class/CDC/Src/usbd_cdc.o
 .debug_macro   0x000187a3       0x9e ./Middlewares/ST/STM32_USB_Device_Library/Class/CDC/Src/usbd_cdc.o
 .debug_macro   0x00018841      0x10b ./Middlewares/ST/STM32_USB_Device_Library/Class/CDC/Src/usbd_cdc.o
 .debug_macro   0x0001894c       0x56 ./Middlewares/ST/STM32_USB_Device_Library/Class/CDC/Src/usbd_cdc.o
 .debug_macro   0x000189a2      0x390 ./Middlewares/ST/STM32_USB_Device_Library/Core/Src/usbd_core.o
 .debug_macro   0x00018d32      0x215 ./Middlewares/ST/STM32_USB_Device_Library/Core/Src/usbd_core.o
 .debug_macro   0x00018f47      0x39a ./Middlewares/ST/STM32_USB_Device_Library/Core/Src/usbd_ctlreq.o